Microchip MPLAB XC8 Compiler V1.45 ()

Linker command line:

-W-3 --edf=C:\Program Files (x86)\Microchip\xc8\v1.45\dat\en_msgs.txt -cs \
  -h+dist/default/production\AlarmClock.X.production.sym \
  --cmf=dist/default/production\AlarmClock.X.production.cmf -z -Q16F18875 \
  -oC:\Users\werni\AppData\Local\Temp\s5qo.2 \
  -Mdist/default/production/AlarmClock.X.production.map -E1 -ver=XC8 \
  -ASTACK=020DBh-021b0h -pstack=STACK -ACODE=00h-07FFhx4 \
  -ASTRCODE=00h-01FFFh -ASTRING=00h-0FFhx32 -ACONST=00h-0FFhx32 \
  -AENTRY=00h-0FFhx32 -ACOMMON=070h-07Fh -ABANK0=020h-06Fh \
  -ABANK1=0A0h-0EFh -ABANK2=0120h-016Fh -ABANK3=01A0h-01EFh \
  -ABANK4=0220h-026Fh -ABANK5=02A0h-02EFh -ABANK6=0320h-036Fh \
  -ABANK7=03A0h-03EFh -ABANK8=0420h-046Fh -ABANK9=04A0h-04EFh \
  -ABANK10=0520h-056Fh -ABANK11=05A0h-05EFh -ABANK12=0620h-064Fh \
  -ABIGRAM=02000h-023EFh \
  -ARAM=020h-06Fh,0A0h-0EFh,0120h-016Fh,01A0h-01EFh,0220h-026Fh,02A0h-02EFh,0320h-036Fh,03A0h-03EFh,0420h-046Fh,04A0h-04EFh,0520h-056Fh,05A0h-05EFh,0620h-064Fh \
  -AABS1=020h-07Fh,0A0h-0EFh,0120h-016Fh,01A0h-01EFh,0220h-026Fh,02A0h-02EFh,0320h-036Fh,03A0h-03EFh,0420h-046Fh,04A0h-04EFh,0520h-056Fh,05A0h-05EFh,0620h-064Fh \
  -ASFR0=00h-01Fh -ASFR1=080h-09Fh -ASFR2=0100h-011Fh -ASFR3=0180h-019Fh \
  -ASFR4=0200h-021Fh -ASFR5=0280h-029Fh -ASFR6=0300h-031Fh \
  -ASFR7=0380h-039Fh -ASFR8=0400h-041Fh -ASFR9=0480h-049Fh \
  -ASFR10=0500h-051Fh -ASFR11=0580h-059Fh -ASFR12=0600h-061Fh \
  -ASFR13=0680h-06EFh -ASFR14=0700h-076Fh -ASFR15=0780h-07EFh \
  -ASFR16=0800h-086Fh -ASFR17=0880h-08EFh -ASFR18=0900h-096Fh \
  -ASFR19=0980h-09EFh -ASFR20=0A00h-0A6Fh -ASFR21=0A80h-0AEFh \
  -ASFR22=0B00h-0B6Fh -ASFR23=0B80h-0BEFh -ASFR24=0C00h-0C6Fh \
  -ASFR25=0C80h-0CEFh -ASFR26=0D00h-0D6Fh -ASFR27=0D80h-0DEFh \
  -ASFR28=0E00h-0E6Fh -ASFR29=0E80h-0EEFh -ASFR30=0F00h-0F6Fh \
  -ASFR31=0F80h-0FEFh -preset_vec=00h,intentry=04h,init,end_init \
  -ppowerup=CODE -pcinit=CODE -pfunctab=ENTRY -ACONFIG=08007h-0800Bh \
  -pconfig=CONFIG -DCONFIG=2 -AIDLOC=08000h-08003h -pidloc=IDLOC -DIDLOC=2 \
  -AEEDATA=00h-0FFh/0F000h -peeprom_data=EEDATA -DEEDATA=2 -DCODE=2 \
  -DSTRCODE=2 -DSTRING=2 -DCONST=2 -DENTRY=2 -k \
  C:\Users\werni\AppData\Local\Temp\s5qo.obj \
  dist/default/production\AlarmClock.X.production.obj 

Object code version is 3.11

Machine type is 16F18875



                Name                               Link     Load   Length Selector   Space Scale
C:\Users\werni\AppData\Local\Temp\s5qo.obj
                end_init                             22       22        2        8       0
                reset_vec                             0        0        2        0       0
                config                             8007     8007        5    1000E       0
dist/default/production\AlarmClock.X.production.obj
                cinit                                24       24       4A        8       0
                intentry                              4        4       1E        8       0
                text141                            1D0F     1D0F        3     3A1E       0
                text140                            1D12     1D12        3     3A24       0
                text139                            1D3F     1D3F        4     3A7E       0
                text138                            1D15     1D15        3     3A2A       0
                text137                            1D18     1D18        3     3A30       0
                text136                            1EEB     1EEB        E     3DD6       0
                text135                            112E     112E       24     225C       0
                text134                            1E89     1E89        C     3D12       0
                text133                            1F17     1F17       10     3E2E       0
                text132                            1D0B     1D0B        2     3A16       0
                text131                            1D0D     1D0D        2     3A1A       0
                text130                               2        2        2        0       0
                text129                            1F27     1F27       10     3E4E       0
                text128                            1F37     1F37       10     3E6E       0
                text127                            1F47     1F47       10     3E8E       0
                text126                            1FE9     1FE9       17     3FD2       0
                text125                            1D1B     1D1B        3     3A36       0
                text124                            1D08     1D08        1     3A10       0
                text123                            1D43     1D43        4     3A86       0
                text122                            1D1E     1D1E        3     3A3C       0
                text121                            1D6F     1D6F        5     3ADE       0
                text120                            1DBE     1DBE        8     3B7C       0
                text119                            1D21     1D21        3     3A42       0
                text118                            119D     119D       29     233A       0
                text117                            1DA9     1DA9        7     3B52       0
                text116                            1D74     1D74        5     3AE8       0
                text115                            1D47     1D47        4     3A8E       0
                text114                            1D4B     1D4B        4     3A96       0
                text113                            1D4F     1D4F        4     3A9E       0
                text112                            1D53     1D53        4     3AA6       0
                text111                            1DC6     1DC6        8     3B8C       0
                text110                            1DB0     1DB0        7     3B60       0
                text109                            1D79     1D79        6     3AF2       0
                text108                            1D57     1D57        4     3AAE       0
                text107                            1D5B     1D5B        4     3AB6       0
                text106                            1D5F     1D5F        4     3ABE       0
                text105                            110B     110B       23     2216       0
                text104                            156F     156F       4A     2ADE       0
                text103                            141E     141E       3E     283C       0
                text102                            1D24     1D24        3     3A48       0
                text101                            1177     1177       26     22EE       0
                text99                             1E95     1E95        C     3D2A       0
                text98                             1E20     1E20        A     3C40       0
                text97                              A99      A99       7A     1532       0
                text96                             1E0E     1E0E        9     3C1C       0
                text95                             145C     145C       42     28B8       0
                text94                             1DCE     1DCE        8     3B9C       0
                text93                             1D7F     1D7F        6     3AFE       0
                text92                             1D27     1D27        3     3A4E       0
                text91                             1D2A     1D2A        3     3A54       0
                text90                             1039     1039       1B     2072       0
                text89                             1D2D     1D2D        3     3A5A       0
                text88                             1D63     1D63        4     3AC6       0
                text87                             1D30     1D30        3     3A60       0
                text86                             1D33     1D33        3     3A66       0
                text85                             1F7C     1F7C       15     3EF8       0
                text84                             1152     1152       25     22A4       0
                text83                             1ED1     1ED1        D     3DA2       0
                text82                             1F91     1F91       16     3F22       0
                text81                             1D85     1D85        6     3B0A       0
                text80                             1D8B     1D8B        6     3B16       0
                text79                             1D91     1D91        6     3B22       0
                text78                             1FA7     1FA7       16     3F4E       0
                text77                             1FBD     1FBD       16     3F7A       0
                text76                             1FD3     1FD3       16     3FA6       0
                text75                             1070     1070       1D     20E0       0
                text74                             1D36     1D36        3     3A6C       0
                text73                             1D09     1D09        1     3A12       0
                text72                             1D67     1D67        4     3ACE       0
                text71                             1D39     1D39        3     3A72       0
                text70                             1D97     1D97        6     3B2E       0
                text69                             1E17     1E17        9     3C2E       0
                text68                             1D3C     1D3C        3     3A78       0
                text67                             124A     124A       2E     2494       0
                text66                             1E52     1E52        B     3CA4       0
                text65                             1000     1000        9     1D5C       0
                text64                             1DD6     1DD6        8     3BAC       0
                text63                             1DDE     1DDE        8     3BBC       0
                text62                             1DE6     1DE6        8     3BCC       0
                text61                             1DEE     1DEE        8     3BDC       0
                text60                             1EA1     1EA1        C     3D42       0
                text59                             1E5D     1E5D        B     3CBA       0
                text58                             1E2A     1E2A        A     3C54       0
                text57                             1DF6     1DF6        8     3BEC       0
                text56                             1DFE     1DFE        8     3BFC       0
                text55                             1E06     1E06        8     3C0C       0
                text54                             11C6     11C6       2A     238C       0
                text53                             1655     1655       50     2CAA       0
                text52                             14E3     14E3       46     29C6       0
                text51                             11F0     11F0       2D     23E0       0
                text50                             1E68     1E68        B     3CD0       0
                text49                             1E73     1E73        B     3CE6       0
                text48                             1DB7     1DB7        7     3B6E       0
                text47                              926      926       24     124C       0
                text46                             1D6B     1D6B        4     3AD6       0
                text45                             1E34     1E34        A     3C68       0
                text44                             1D9D     1D9D        6     3B3A       0
                text43                             1DA3     1DA3        6     3B46       0
                text42                             15B9     15B9       4E     2B72       0
                text41                             1EDE     1EDE        D     3DBC       0
                text40                             1607     1607       4E     2C0E       0
                text39                             1E3E     1E3E        A     3C7C       0
                text38                             12A8     12A8       32     2550       0
                text37                             1F69     1F69       13     3ED2       0
                text36                             174E     174E       59     2E9C       0
                text35                             1EF9     1EF9        F     3DF2       0
                text34                             1054     1054       1C     20A8       0
                text33                              A28      A28       71     1450       0
                text32                             1E48     1E48        A     3C90       0
                text31                             1009     1009       17     2012       0
                text30                             1E7E     1E7E        B     3CFC       0
                text29                             13AC     13AC       39     2758       0
                text28                             17A7     17A7       59     2F4E       0
                text27                             1340     1340       35     2680       0
                text26                             121D     121D       2D     243A       0
                text25                             1F08     1F08        F     3E10       0
                text24                             1D0A     1D0A        1     3A14       0
                text23                               6E       6E      302        8       0
                text22                             10CB     10CB       20     2196       0
                text21                             108D     108D       1F     211A       0
                text20                             12DA     12DA       32     25B4       0
                text19                             1020     1020       19     2040       0
                text18                             130C     130C       34     2618       0
                text17                             10AC     10AC       1F     2158       0
                text16                             1278     1278       30     24F0       0
                text15                              9B8      9B8       70     1370       0
                text14                             16F7     16F7       57     2DEE       0
                text13                              D8D      D8D      121     1B1A       0
                text12                             1F57     1F57       12     3EAE       0
                text11                             10EB     10EB       20     21D6       0
                text10                              C15      C15       88     182A       0
                text9                               B93      B93       82     1726       0
                text8                               94A      94A       6E     1294       0
                text7                              1529     1529       46     2A52       0
                text6                              1375     1375       37     26EA       0
                text5                               EAE      EAE      152     1D5C       0
                text4                              149E     149E       45     293C       0
                text3                              16A5     16A5       52     2D4A       0
                text2                              13E5     13E5       39     27CA       0
                text1                               B13      B13       80     1626       0
                maintext                            C9D      C9D       F0     193A       0
                cstackBANK0                          20       20       4A       20       1
                cstackCOMMON                         70       70        A       70       1
                cstackBANK1                          A0       A0       27       A0       1
                clrtext                            1EAD     1EAD        C     3D5A       0
                inittext                           1EB9     1EB9        C     3D72       0
                bssBANK2                            120      120       3B      120       1
                dataBANK1                            E4       E4        C       A0       1
                bssBANK1                             C7       C7       1D       A0       1
                bssBANK0                             6A       6A        6       20       1
                bssCOMMON                            7A       7A        4       70       1
                stringtext7                        183F     183F       16     3000       0
                stringtext6                        1820     1820       1F     3000       0
                stringtext5                         370      370      200      6E0       0
                stringtext4                        1861     1861        A     3000       0
                stringtext3                        1855     1855        C     3000       0
                stringtext2                        1800     1800       20     3000       0
                stringtext1                         74B      74B      1DB      E96       0
                idataBIGRAM                         570      570      1DB      AE0       0
                idataBANK1                         1EC5     1EC5        C     3D8A       0

TOTAL           Name                               Link     Load   Length     Space
        CLASS   STACK          

        CLASS   CODE           
                end_init                             22       22        2         0
                cinit                                24       24       4A         0
                intentry                              4        4       1E         0
                reset_vec                             0        0        2         0
                text141                            1D0F     1D0F        3         0
                text140                            1D12     1D12        3         0
                text139                            1D3F     1D3F        4         0
                text138                            1D15     1D15        3         0
                text137                            1D18     1D18        3         0
                text136                            1EEB     1EEB        E         0
                text135                            112E     112E       24         0
                text134                            1E89     1E89        C         0
                text133                            1F17     1F17       10         0
                text132                            1D0B     1D0B        2         0
                text131                            1D0D     1D0D        2         0
                text130                               2        2        2         0
                text129                            1F27     1F27       10         0
                text128                            1F37     1F37       10         0
                text127                            1F47     1F47       10         0
                text126                            1FE9     1FE9       17         0
                text125                            1D1B     1D1B        3         0
                text124                            1D08     1D08        1         0
                text123                            1D43     1D43        4         0
                text122                            1D1E     1D1E        3         0
                text121                            1D6F     1D6F        5         0
                text120                            1DBE     1DBE        8         0
                text119                            1D21     1D21        3         0
                text118                            119D     119D       29         0
                text117                            1DA9     1DA9        7         0
                text116                            1D74     1D74        5         0
                text115                            1D47     1D47        4         0
                text114                            1D4B     1D4B        4         0
                text113                            1D4F     1D4F        4         0
                text112                            1D53     1D53        4         0
                text111                            1DC6     1DC6        8         0
                text110                            1DB0     1DB0        7         0
                text109                            1D79     1D79        6         0
                text108                            1D57     1D57        4         0
                text107                            1D5B     1D5B        4         0
                text106                            1D5F     1D5F        4         0
                text105                            110B     110B       23         0
                text104                            156F     156F       4A         0
                text103                            141E     141E       3E         0
                text102                            1D24     1D24        3         0
                text101                            1177     1177       26         0
                text99                             1E95     1E95        C         0
                text98                             1E20     1E20        A         0
                text97                              A99      A99       7A         0
                text96                             1E0E     1E0E        9         0
                text95                             145C     145C       42         0
                text94                             1DCE     1DCE        8         0
                text93                             1D7F     1D7F        6         0
                text92                             1D27     1D27        3         0
                text91                             1D2A     1D2A        3         0
                text90                             1039     1039       1B         0
                text89                             1D2D     1D2D        3         0
                text88                             1D63     1D63        4         0
                text87                             1D30     1D30        3         0
                text86                             1D33     1D33        3         0
                text85                             1F7C     1F7C       15         0
                text84                             1152     1152       25         0
                text83                             1ED1     1ED1        D         0
                text82                             1F91     1F91       16         0
                text81                             1D85     1D85        6         0
                text80                             1D8B     1D8B        6         0
                text79                             1D91     1D91        6         0
                text78                             1FA7     1FA7       16         0
                text77                             1FBD     1FBD       16         0
                text76                             1FD3     1FD3       16         0
                text75                             1070     1070       1D         0
                text74                             1D36     1D36        3         0
                text73                             1D09     1D09        1         0
                text72                             1D67     1D67        4         0
                text71                             1D39     1D39        3         0
                text70                             1D97     1D97        6         0
                text69                             1E17     1E17        9         0
                text68                             1D3C     1D3C        3         0
                text67                             124A     124A       2E         0
                text66                             1E52     1E52        B         0
                text65                             1000     1000        9         0
                text64                             1DD6     1DD6        8         0
                text63                             1DDE     1DDE        8         0
                text62                             1DE6     1DE6        8         0
                text61                             1DEE     1DEE        8         0
                text60                             1EA1     1EA1        C         0
                text59                             1E5D     1E5D        B         0
                text58                             1E2A     1E2A        A         0
                text57                             1DF6     1DF6        8         0
                text56                             1DFE     1DFE        8         0
                text55                             1E06     1E06        8         0
                text54                             11C6     11C6       2A         0
                text53                             1655     1655       50         0
                text52                             14E3     14E3       46         0
                text51                             11F0     11F0       2D         0
                text50                             1E68     1E68        B         0
                text49                             1E73     1E73        B         0
                text48                             1DB7     1DB7        7         0
                text47                              926      926       24         0
                text46                             1D6B     1D6B        4         0
                text45                             1E34     1E34        A         0
                text44                             1D9D     1D9D        6         0
                text43                             1DA3     1DA3        6         0
                text42                             15B9     15B9       4E         0
                text41                             1EDE     1EDE        D         0
                text40                             1607     1607       4E         0
                text39                             1E3E     1E3E        A         0
                text38                             12A8     12A8       32         0
                text37                             1F69     1F69       13         0
                text36                             174E     174E       59         0
                text35                             1EF9     1EF9        F         0
                text34                             1054     1054       1C         0
                text33                              A28      A28       71         0
                text32                             1E48     1E48        A         0
                text31                             1009     1009       17         0
                text30                             1E7E     1E7E        B         0
                text29                             13AC     13AC       39         0
                text28                             17A7     17A7       59         0
                text27                             1340     1340       35         0
                text26                             121D     121D       2D         0
                text25                             1F08     1F08        F         0
                text24                             1D0A     1D0A        1         0
                text23                               6E       6E      302         0
                text22                             10CB     10CB       20         0
                text21                             108D     108D       1F         0
                text20                             12DA     12DA       32         0
                text19                             1020     1020       19         0
                text18                             130C     130C       34         0
                text17                             10AC     10AC       1F         0
                text16                             1278     1278       30         0
                text15                              9B8      9B8       70         0
                text14                             16F7     16F7       57         0
                text13                              D8D      D8D      121         0
                text12                             1F57     1F57       12         0
                text11                             10EB     10EB       20         0
                text10                              C15      C15       88         0
                text9                               B93      B93       82         0
                text8                               94A      94A       6E         0
                text7                              1529     1529       46         0
                text6                              1375     1375       37         0
                text5                               EAE      EAE      152         0
                text4                              149E     149E       45         0
                text3                              16A5     16A5       52         0
                text2                              13E5     13E5       39         0
                text1                               B13      B13       80         0
                maintext                            C9D      C9D       F0         0
                clrtext                            1EAD     1EAD        C         0
                inittext                           1EB9     1EB9        C         0
                idataBIGRAM                         570      570      1DB         0
                idataBANK1                         1EC5     1EC5        C         0

        CLASS   STRCODE        
                stringtext7                        183F     183F       16         0
                stringtext6                        1820     1820       1F         0
                stringtext5                         370      370      200         0
                stringtext4                        1861     1861        A         0
                stringtext3                        1855     1855        C         0
                stringtext2                        1800     1800       20         0
                stringtext1                         74B      74B      1DB         0

        CLASS   STRING         

        CLASS   CONST          

        CLASS   ENTRY          

        CLASS   COMMON         
                cstackCOMMON                         70       70        A         1
                bssCOMMON                            7A       7A        4         1

        CLASS   BANK0          
                cstackBANK0                          20       20       4A         1
                bssBANK0                             6A       6A        6         1

        CLASS   BANK1          
                cstackBANK1                          A0       A0       27         1
                dataBANK1                            E4       E4        C         1
                bssBANK1                             C7       C7       1D         1

        CLASS   BANK2          
                bssBANK2                            120      120       3B         1

        CLASS   BANK3          

        CLASS   BANK4          

        CLASS   BANK5          

        CLASS   BANK6          

        CLASS   BANK7          

        CLASS   BANK8          

        CLASS   BANK9          

        CLASS   BANK10         

        CLASS   BANK11         

        CLASS   BANK12         

        CLASS   BIGRAM         

        CLASS   RAM            

        CLASS   ABS1           
                abs_s1                               7E       7E        2         1
                abs_s1                              2C1      2C1       2F         1
                abs_s1                              320      320       50         1
                abs_s1                              3A0      3A0       50         1
                abs_s1                              420      420       50         1
                abs_s1                              4A0      4A0       50         1
                abs_s1                              520      520       50         1
                abs_s1                              5A0      5A0       50         1
                abs_s1                              620      620       30         1
                abs_s1                             21B1     21B1        0         1
                abs_s1                             238C     238C        0         1

        CLASS   SFR0           

        CLASS   SFR1           

        CLASS   SFR2           

        CLASS   SFR3           

        CLASS   SFR4           

        CLASS   SFR5           

        CLASS   SFR6           

        CLASS   SFR7           

        CLASS   SFR8           

        CLASS   SFR9           

        CLASS   SFR10          

        CLASS   SFR11          

        CLASS   SFR12          

        CLASS   SFR13          

        CLASS   SFR14          

        CLASS   SFR15          

        CLASS   SFR16          

        CLASS   SFR17          

        CLASS   SFR18          

        CLASS   SFR19          

        CLASS   SFR20          

        CLASS   SFR21          

        CLASS   SFR22          

        CLASS   SFR23          

        CLASS   SFR24          

        CLASS   SFR25          

        CLASS   SFR26          

        CLASS   SFR27          

        CLASS   SFR28          

        CLASS   SFR29          

        CLASS   SFR30          

        CLASS   SFR31          

        CLASS   CONFIG         
                config                             8007     8007        5         0

        CLASS   IDLOC          

        CLASS   EEDATA         

        CLASS   BANK31         

        CLASS   BANK30         

        CLASS   BANK29         

        CLASS   BANK28         

        CLASS   BANK27         

        CLASS   BANK26         

        CLASS   BANK25         

        CLASS   BANK24         

        CLASS   BANK23         

        CLASS   BANK22         

        CLASS   BANK21         

        CLASS   BANK20         

        CLASS   BANK19         

        CLASS   BANK18         

        CLASS   BANK17         

        CLASS   BANK16         

        CLASS   BANK15         

        CLASS   BANK14         

        CLASS   BANK13         



SEGMENTS        Name                           Load    Length   Top    Selector   Space  Class     Delta

                reset_vec                      000000  000004  000004         0       0  CODE        2
                intentry                       000004  00036C  000370         8       0  CODE        2
                cstackBANK0                    000020  000050  000070        20       1  BANK0       1
                cstackCOMMON                   000070  00000E  00007E        70       1  COMMON      1
                cstackBANK1                    0000A0  000050  0000F0        A0       1  BANK1       1
                bssBANK2                       000120  00003B  00015B       120       1  BANK2       1
                stringtext5                    000370  000200  000570       6E0       0  STRCODE     2
                idataBIGRAM                    000570  0001DB  00074B       AE0       0  CODE        2
                stringtext1                    00074B  0001DB  000926       E96       0  STRCODE     2
                text47                         000926  000024  00094A      124C       0  CODE        2
                text8                          00094A  00006E  0009B8      1294       0  CODE        2
                text15                         0009B8  000070  000A28      1370       0  CODE        2
                text33                         000A28  000071  000A99      1450       0  CODE        2
                text97                         000A99  00007A  000B13      1532       0  CODE        2
                text1                          000B13  000080  000B93      1626       0  CODE        2
                text9                          000B93  000082  000C15      1726       0  CODE        2
                text10                         000C15  000088  000C9D      182A       0  CODE        2
                maintext                       000C9D  0000F0  000D8D      193A       0  CODE        2
                text13                         000D8D  000121  000EAE      1B1A       0  CODE        2
                text5                          000EAE  00015B  001009      1D5C       0  CODE        2
                text31                         001009  000017  001020      2012       0  CODE        2
                text19                         001020  000019  001039      2040       0  CODE        2
                text90                         001039  00001B  001054      2072       0  CODE        2
                text34                         001054  00001C  001070      20A8       0  CODE        2
                text75                         001070  00001D  00108D      20E0       0  CODE        2
                text21                         00108D  00001F  0010AC      211A       0  CODE        2
                text17                         0010AC  00001F  0010CB      2158       0  CODE        2
                text22                         0010CB  000020  0010EB      2196       0  CODE        2
                text11                         0010EB  000020  00110B      21D6       0  CODE        2
                text105                        00110B  000023  00112E      2216       0  CODE        2
                text135                        00112E  000024  001152      225C       0  CODE        2
                text84                         001152  000025  001177      22A4       0  CODE        2
                text101                        001177  000026  00119D      22EE       0  CODE        2
                text118                        00119D  000029  0011C6      233A       0  CODE        2
                text54                         0011C6  00002A  0011F0      238C       0  CODE        2
                text51                         0011F0  00002D  00121D      23E0       0  CODE        2
                text26                         00121D  00002D  00124A      243A       0  CODE        2
                text67                         00124A  00002E  001278      2494       0  CODE        2
                text16                         001278  000030  0012A8      24F0       0  CODE        2
                text38                         0012A8  000032  0012DA      2550       0  CODE        2
                text20                         0012DA  000032  00130C      25B4       0  CODE        2
                text18                         00130C  000034  001340      2618       0  CODE        2
                text27                         001340  000035  001375      2680       0  CODE        2
                text6                          001375  000037  0013AC      26EA       0  CODE        2
                text29                         0013AC  000039  0013E5      2758       0  CODE        2
                text2                          0013E5  000039  00141E      27CA       0  CODE        2
                text103                        00141E  00003E  00145C      283C       0  CODE        2
                text95                         00145C  000042  00149E      28B8       0  CODE        2
                text4                          00149E  000045  0014E3      293C       0  CODE        2
                text52                         0014E3  000046  001529      29C6       0  CODE        2
                text7                          001529  000046  00156F      2A52       0  CODE        2
                text104                        00156F  00004A  0015B9      2ADE       0  CODE        2
                text42                         0015B9  00004E  001607      2B72       0  CODE        2
                text40                         001607  00004E  001655      2C0E       0  CODE        2
                text53                         001655  000050  0016A5      2CAA       0  CODE        2
                text3                          0016A5  000052  0016F7      2D4A       0  CODE        2
                text14                         0016F7  000057  00174E      2DEE       0  CODE        2
                text36                         00174E  000059  0017A7      2E9C       0  CODE        2
                text28                         0017A7  000059  001800      2F4E       0  CODE        2
                stringtext2                    001800  00006B  00186B      3000       0  STRCODE     2
                text124                        001D08  000001  001D09      3A10       0  CODE        2
                text73                         001D09  000001  001D0A      3A12       0  CODE        2
                text24                         001D0A  000001  001D0B      3A14       0  CODE        2
                text132                        001D0B  000002  001D0D      3A16       0  CODE        2
                text131                        001D0D  000002  001D0F      3A1A       0  CODE        2
                text141                        001D0F  000003  001D12      3A1E       0  CODE        2
                text140                        001D12  000003  001D15      3A24       0  CODE        2
                text138                        001D15  000003  001D18      3A2A       0  CODE        2
                text137                        001D18  000003  001D1B      3A30       0  CODE        2
                text125                        001D1B  000003  001D1E      3A36       0  CODE        2
                text122                        001D1E  000003  001D21      3A3C       0  CODE        2
                text119                        001D21  000003  001D24      3A42       0  CODE        2
                text102                        001D24  000003  001D27      3A48       0  CODE        2
                text92                         001D27  000003  001D2A      3A4E       0  CODE        2
                text91                         001D2A  000003  001D2D      3A54       0  CODE        2
                text89                         001D2D  000003  001D30      3A5A       0  CODE        2
                text87                         001D30  000003  001D33      3A60       0  CODE        2
                text86                         001D33  000003  001D36      3A66       0  CODE        2
                text74                         001D36  000003  001D39      3A6C       0  CODE        2
                text71                         001D39  000003  001D3C      3A72       0  CODE        2
                text68                         001D3C  000003  001D3F      3A78       0  CODE        2
                text139                        001D3F  000004  001D43      3A7E       0  CODE        2
                text123                        001D43  000004  001D47      3A86       0  CODE        2
                text115                        001D47  000004  001D4B      3A8E       0  CODE        2
                text114                        001D4B  000004  001D4F      3A96       0  CODE        2
                text113                        001D4F  000004  001D53      3A9E       0  CODE        2
                text112                        001D53  000004  001D57      3AA6       0  CODE        2
                text108                        001D57  000004  001D5B      3AAE       0  CODE        2
                text107                        001D5B  000004  001D5F      3AB6       0  CODE        2
                text106                        001D5F  000004  001D63      3ABE       0  CODE        2
                text88                         001D63  000004  001D67      3AC6       0  CODE        2
                text72                         001D67  000004  001D6B      3ACE       0  CODE        2
                text46                         001D6B  000004  001D6F      3AD6       0  CODE        2
                text121                        001D6F  000005  001D74      3ADE       0  CODE        2
                text116                        001D74  000005  001D79      3AE8       0  CODE        2
                text109                        001D79  000006  001D7F      3AF2       0  CODE        2
                text93                         001D7F  000006  001D85      3AFE       0  CODE        2
                text81                         001D85  000006  001D8B      3B0A       0  CODE        2
                text80                         001D8B  000006  001D91      3B16       0  CODE        2
                text79                         001D91  000006  001D97      3B22       0  CODE        2
                text70                         001D97  000006  001D9D      3B2E       0  CODE        2
                text44                         001D9D  000006  001DA3      3B3A       0  CODE        2
                text43                         001DA3  000006  001DA9      3B46       0  CODE        2
                text117                        001DA9  000007  001DB0      3B52       0  CODE        2
                text110                        001DB0  000007  001DB7      3B60       0  CODE        2
                text48                         001DB7  000007  001DBE      3B6E       0  CODE        2
                text120                        001DBE  000008  001DC6      3B7C       0  CODE        2
                text111                        001DC6  000008  001DCE      3B8C       0  CODE        2
                text94                         001DCE  000008  001DD6      3B9C       0  CODE        2
                text64                         001DD6  000008  001DDE      3BAC       0  CODE        2
                text63                         001DDE  000008  001DE6      3BBC       0  CODE        2
                text62                         001DE6  000008  001DEE      3BCC       0  CODE        2
                text61                         001DEE  000008  001DF6      3BDC       0  CODE        2
                text57                         001DF6  000008  001DFE      3BEC       0  CODE        2
                text56                         001DFE  000008  001E06      3BFC       0  CODE        2
                text55                         001E06  000008  001E0E      3C0C       0  CODE        2
                text96                         001E0E  000009  001E17      3C1C       0  CODE        2
                text69                         001E17  000009  001E20      3C2E       0  CODE        2
                text98                         001E20  00000A  001E2A      3C40       0  CODE        2
                text58                         001E2A  00000A  001E34      3C54       0  CODE        2
                text45                         001E34  00000A  001E3E      3C68       0  CODE        2
                text39                         001E3E  00000A  001E48      3C7C       0  CODE        2
                text32                         001E48  00000A  001E52      3C90       0  CODE        2
                text66                         001E52  00000B  001E5D      3CA4       0  CODE        2
                text59                         001E5D  00000B  001E68      3CBA       0  CODE        2
                text50                         001E68  00000B  001E73      3CD0       0  CODE        2
                text49                         001E73  00000B  001E7E      3CE6       0  CODE        2
                text30                         001E7E  00000B  001E89      3CFC       0  CODE        2
                text134                        001E89  00000C  001E95      3D12       0  CODE        2
                text99                         001E95  00000C  001EA1      3D2A       0  CODE        2
                text60                         001EA1  00000C  001EAD      3D42       0  CODE        2
                clrtext                        001EAD  00000C  001EB9      3D5A       0  CODE        2
                inittext                       001EB9  00000C  001EC5      3D72       0  CODE        2
                idataBANK1                     001EC5  00000C  001ED1      3D8A       0  CODE        2
                text83                         001ED1  00000D  001EDE      3DA2       0  CODE        2
                text41                         001EDE  00000D  001EEB      3DBC       0  CODE        2
                text136                        001EEB  00000E  001EF9      3DD6       0  CODE        2
                text35                         001EF9  00000F  001F08      3DF2       0  CODE        2
                text25                         001F08  00000F  001F17      3E10       0  CODE        2
                text133                        001F17  000010  001F27      3E2E       0  CODE        2
                text129                        001F27  000010  001F37      3E4E       0  CODE        2
                text128                        001F37  000010  001F47      3E6E       0  CODE        2
                text127                        001F47  000010  001F57      3E8E       0  CODE        2
                text12                         001F57  000012  001F69      3EAE       0  CODE        2
                text37                         001F69  000013  001F7C      3ED2       0  CODE        2
                text85                         001F7C  000015  001F91      3EF8       0  CODE        2
                text82                         001F91  000016  001FA7      3F22       0  CODE        2
                text78                         001FA7  000016  001FBD      3F4E       0  CODE        2
                text77                         001FBD  000016  001FD3      3F7A       0  CODE        2
                text76                         001FD3  000016  001FE9      3FA6       0  CODE        2
                text126                        001FE9  000017  002000      3FD2       0  CODE        2
                config                         008007  000005  00800C     1000E       0  CONFIG      2


UNUSED ADDRESS RANGES

        Name                Unused          Largest block    Delta
        BANK2            0015B-0016F              15           1
        BANK3            001A0-001EF              50           1
        BANK4            00220-0026F              50           1
        BANK5            002A0-002C0              21           1
        BIGRAM           02000-023EF             3F0           1
        CODE             0186B-01D07             49D           2
        CONST            0186B-01D07             100           2
        EEDATA           0F000-0F0FF             100           2
        ENTRY            0186B-01D07             100           2
        IDLOC            08000-08003               4           2
        RAM              0015B-0016F              15           1
                         001A0-001EF              50
                         00220-0026F              50
                         002A0-002C0              21
        SFR0             00000-0001F              20           1
        SFR1             00080-0009F              20           1
        SFR10            00500-0051F              20           1
        SFR11            00580-0059F              20           1
        SFR12            00600-0061F              20           1
        SFR13            00680-006EF              70           1
        SFR14            00700-0076F              70           1
        SFR15            00780-007EF              70           1
        SFR16            00800-0086F              70           1
        SFR17            00880-008EF              70           1
        SFR18            00900-0096F              70           1
        SFR19            00980-009EF              70           1
        SFR2             00100-0011F              20           1
        SFR20            00A00-00A6F              70           1
        SFR21            00A80-00AEF              70           1
        SFR22            00B00-00B6F              70           1
        SFR23            00B80-00BEF              70           1
        SFR24            00C00-00C6F              70           1
        SFR25            00C80-00CEF              70           1
        SFR26            00D00-00D6F              70           1
        SFR27            00D80-00DEF              70           1
        SFR28            00E00-00E6F              70           1
        SFR29            00E80-00EEF              70           1
        SFR3             00180-0019F              20           1
        SFR30            00F00-00F6F              70           1
        SFR31            00F80-00FEF              70           1
        SFR4             00200-0021F              20           1
        SFR5             00280-0029F              20           1
        SFR6             00300-0031F              20           1
        SFR7             00380-0039F              20           1
        SFR8             00400-0041F              20           1
        SFR9             00480-0049F              20           1
        STACK            020DB-021B0              D6           1
        STRCODE          0186B-01D07             49D           2
        STRING           0186B-01D07             100           2

                                  Symbol Table

?___aldiv                                cstackBANK0  00020
?___almod                                cstackBANK0  00020
?___awdiv                                cstackBANK0  00020
?___awmod                                cstackBANK0  00020
?___lmul                                 cstackBANK0  00020
?___lwdiv                                cstackBANK0  00026
?___lwmod                                cstackBANK0  0002E
?___wmul                                 cstackBANK0  00020
?__doprnt                                cstackBANK0  00034
?_dylen                                  cstackBANK0  00034
?_isleap                                 cstackBANK0  00034
?_mktime                                 cstackBANK0  00050
?_months_to_days                         cstackBANK0  0002E
?_rtc6_GetTime                           cstackBANK0  0005F
?_sprintf                                cstackBANK0  00047
?_strlen                                 cstackBANK0  00020
?_years_to_days                          cstackBANK0  0002E
?_ymd_to_scalar                          cstackBANK0  00040
Modify_Data@c                            cstackBANK0  00026
Modify_Data@j                            cstackBANK0  00039
Modify_Data@limit                        cstackBANK0  0002A
Modify_Data@offset                       cstackBANK0  00028
Modify_Data@p                            cstackBANK0  00037
Modify_Data@right                        cstackBANK0  00035
OLED_Clear@i                             cstackBANK0  0002F
OLED_Clear@j                             cstackBANK0  0002C
OLED_Clear@j_1694                        cstackBANK0  0002D
OLED_Command@temp                        cstackBANK0  00021
OLED_Data@temp                           cstackBANK0  00021
OLED_PutPicture@i                        cstackBANK0  00028
OLED_PutPicture@j                        cstackBANK0  00026
OLED_PutPicture@pic                      cstackBANK0  00024
OLED_SetColumn@address                   cstackBANK0  00023
OLED_SetRow@address                      cstackBANK0  00023
SPI2_Exchange8bit@data                   cstackBANK0  00020
Write_String@len                         cstackBANK0  0005F
Write_String@message                     cstackBANK0  0005D
_ANSELA                                  (abs)        00F38
_ANSELB                                  (abs)        00F43
_ANSELC                                  (abs)        00F4E
_ANSELD                                  (abs)        00F59
_ANSELE                                  (abs)        00F64
_CharacterArray                          (abs)        0238C
_INTCONbits                              (abs)        0000B
_INTERRUPT_InterruptManager              intentry     00004
_LATA                                    (abs)        00016
_LATAbits                                (abs)        00016
_LATB                                    (abs)        00017
_LATC                                    (abs)        00018
_LATCbits                                (abs)        00018
_LATD                                    (abs)        00019
_LATDbits                                (abs)        00019
_LATE                                    (abs)        0001A
_Modify_Data                             text33       00A28
_ODCONA                                  (abs)        00F3A
_ODCONB                                  (abs)        00F45
_ODCONC                                  (abs)        00F50
_ODCOND                                  (abs)        00F5B
_ODCONE                                  (abs)        00F66
_OLED_Clear                              text28       017A7
_OLED_Command                            text98       01E20
_OLED_Data                               text32       01E48
_OLED_Initialize                         text97       00A99
_OLED_PutPicture                         text29       013AC
_OLED_SetColumn                          text31       01009
_OLED_SetRow                             text30       01E7E
_OSCCON1                                 (abs)        0088D
_OSCCON3                                 (abs)        0088F
_OSCEN                                   (abs)        00891
_OSCFRQ                                  (abs)        00893
_OSCILLATOR_Initialize                   text96       01E0E
_OSCTUNE                                 (abs)        00892
_PIE3bits                                (abs)        00719
_PIN_MANAGER_Initialize                  text95       0145C
_PIR3bits                                (abs)        0070F
_PMD0                                    (abs)        00796
_PMD1                                    (abs)        00797
_PMD2                                    (abs)        00798
_PMD3                                    (abs)        00799
_PMD4                                    (abs)        0079A
_PMD5                                    (abs)        0079B
_PMD_Initialize                          text94       01DCE
_RB1PPS                                  (abs)        00F19
_RB3PPS                                  (abs)        00F1B
_RC3PPS                                  (abs)        00F23
_RC4PPS                                  (abs)        00F24
_SPI2_Exchange8bit                       text99       01E95
_SPI2_Initialize                         text93       01D7F
_SSP1ADD                                 (abs)        0018D
_SSP1BUF                                 (abs)        0018C
_SSP1CLKPPSbits                          (abs)        00EC5
_SSP1CON1                                (abs)        00190
_SSP1CON1bits                            (abs)        00190
_SSP1CON2                                (abs)        00191
_SSP1CON2bits                            (abs)        00191
_SSP1DATPPSbits                          (abs)        00EC6
_SSP1MSK                                 (abs)        0018E
_SSP1STAT                                (abs)        0018F
_SSP1STATbits                            (abs)        0018F
_SSP2ADD                                 (abs)        00197
_SSP2BUF                                 (abs)        00196
_SSP2CLKPPSbits                          (abs)        00EC8
_SSP2CON1                                (abs)        0019A
_SSP2CON1bits                            (abs)        0019A
_SSP2DATPPSbits                          (abs)        00EC9
_SSP2STAT                                (abs)        00199
_SSP2STATbits                            (abs)        00199
_STATUS                                  (abs)        00003
_SYSTEM_Initialize                       text35       01EF9
_TRISA                                   (abs)        00011
_TRISB                                   (abs)        00012
_TRISC                                   (abs)        00013
_TRISD                                   (abs)        00014
_TRISE                                   (abs)        00015
_WPUA                                    (abs)        00F39
_WPUB                                    (abs)        00F44
_WPUC                                    (abs)        00F4F
_WPUD                                    (abs)        00F5A
_WPUE                                    (abs)        00F65
_Write_String                            text20       012DA
__CFG_BOREN$ON                           (abs)        00000
__CFG_BORV$LO                            (abs)        00000
__CFG_CLKOUTEN$OFF                       (abs)        00000
__CFG_CP$OFF                             (abs)        00000
__CFG_CPD$OFF                            (abs)        00000
__CFG_CSWEN$ON                           (abs)        00000
__CFG_DEBUG$OFF                          (abs)        00000
__CFG_FCMEN$ON                           (abs)        00000
__CFG_FEXTOSC$OFF                        (abs)        00000
__CFG_LPBOREN$OFF                        (abs)        00000
__CFG_LVP$ON                             (abs)        00000
__CFG_MCLRE$ON                           (abs)        00000
__CFG_PPS1WAY$ON                         (abs)        00000
__CFG_PWRTE$OFF                          (abs)        00000
__CFG_RSTOSC$HFINT1                      (abs)        00000
__CFG_SCANE$available                    (abs)        00000
__CFG_STVREN$ON                          (abs)        00000
__CFG_WDTCCS$SC                          (abs)        00000
__CFG_WDTCPS$WDTCPS_31                   (abs)        00000
__CFG_WDTCWS$WDTCWS_7                    (abs)        00000
__CFG_WDTE$OFF                           (abs)        00000
__CFG_WRT$OFF                            (abs)        00000
__CFG_ZCD$OFF                            (abs)        00000
__Habs1                                  abs1         00000
__Hbank0                                 bank0        00000
__Hbank1                                 bank1        00000
__Hbank10                                bank10       00000
__Hbank11                                bank11       00000
__Hbank12                                bank12       00000
__Hbank13                                bank13       00000
__Hbank14                                bank14       00000
__Hbank15                                bank15       00000
__Hbank16                                bank16       00000
__Hbank17                                bank17       00000
__Hbank18                                bank18       00000
__Hbank19                                bank19       00000
__Hbank2                                 bank2        00000
__Hbank20                                bank20       00000
__Hbank21                                bank21       00000
__Hbank22                                bank22       00000
__Hbank23                                bank23       00000
__Hbank24                                bank24       00000
__Hbank25                                bank25       00000
__Hbank26                                bank26       00000
__Hbank27                                bank27       00000
__Hbank28                                bank28       00000
__Hbank29                                bank29       00000
__Hbank3                                 bank3        00000
__Hbank30                                bank30       00000
__Hbank31                                bank31       00000
__Hbank4                                 bank4        00000
__Hbank5                                 bank5        00000
__Hbank6                                 bank6        00000
__Hbank7                                 bank7        00000
__Hbank8                                 bank8        00000
__Hbank9                                 bank9        00000
__Hbigram                                bigram       00000
__HbssBANK0                              bssBANK0     00000
__HbssBANK1                              bssBANK1     00000
__HbssBANK2                              bssBANK2     00000
__HbssCOMMON                             bssCOMMON    00000
__Hcinit                                 cinit        0006E
__Hclrtext                               clrtext      00000
__Hcode                                  code         00000
__Hcommon                                common       00000
__Hconfig                                config       0800C
__HcstackBANK0                           cstackBANK0  00000
__HcstackBANK1                           cstackBANK1  00000
__HcstackCOMMON                          cstackCOMMON 00000
__HdataBANK1                             dataBANK1    00000
__Heeprom_data                           eeprom_data  00000
__Hend_init                              end_init     00024
__Hfunctab                               functab      00000
__HidataBANK1                            idataBANK1   00000
__HidataBIGRAM                           idataBIGRAM  00000
__Hidloc                                 idloc        00000
__Hinit                                  init         00022
__Hinittext                              inittext     00000
__Hintentry                              intentry     00022
__Hmaintext                              maintext     00000
__Hpowerup                               powerup      00000
__Hram                                   ram          00000
__Hreset_vec                             reset_vec    00002
__Hsfr0                                  sfr0         00000
__Hsfr1                                  sfr1         00000
__Hsfr10                                 sfr10        00000
__Hsfr11                                 sfr11        00000
__Hsfr12                                 sfr12        00000
__Hsfr13                                 sfr13        00000
__Hsfr14                                 sfr14        00000
__Hsfr15                                 sfr15        00000
__Hsfr16                                 sfr16        00000
__Hsfr17                                 sfr17        00000
__Hsfr18                                 sfr18        00000
__Hsfr19                                 sfr19        00000
__Hsfr2                                  sfr2         00000
__Hsfr20                                 sfr20        00000
__Hsfr21                                 sfr21        00000
__Hsfr22                                 sfr22        00000
__Hsfr23                                 sfr23        00000
__Hsfr24                                 sfr24        00000
__Hsfr25                                 sfr25        00000
__Hsfr26                                 sfr26        00000
__Hsfr27                                 sfr27        00000
__Hsfr28                                 sfr28        00000
__Hsfr29                                 sfr29        00000
__Hsfr3                                  sfr3         00000
__Hsfr30                                 sfr30        00000
__Hsfr31                                 sfr31        00000
__Hsfr4                                  sfr4         00000
__Hsfr5                                  sfr5         00000
__Hsfr6                                  sfr6         00000
__Hsfr7                                  sfr7         00000
__Hsfr8                                  sfr8         00000
__Hsfr9                                  sfr9         00000
__Hspace_0                               (abs)        0800C
__Hspace_1                               (abs)        0015B
__Hspace_2                               (abs)        00000
__Hspace_3                               (abs)        00000
__Hstack                                 stack        00000
__Hstrings                               strings      00000
__Hstringtext1                           stringtext1  00000
__Hstringtext2                           stringtext2  00000
__Hstringtext3                           stringtext3  00000
__Hstringtext4                           stringtext4  00000
__Hstringtext5                           stringtext5  00000
__Hstringtext6                           stringtext6  00000
__Hstringtext7                           stringtext7  00000
__Hstringtext8                           stringtext8  00000
__Htext                                  text         00000
__Labs1                                  abs1         00000
__Lbank0                                 bank0        00000
__Lbank1                                 bank1        00000
__Lbank10                                bank10       00000
__Lbank11                                bank11       00000
__Lbank12                                bank12       00000
__Lbank13                                bank13       00000
__Lbank14                                bank14       00000
__Lbank15                                bank15       00000
__Lbank16                                bank16       00000
__Lbank17                                bank17       00000
__Lbank18                                bank18       00000
__Lbank19                                bank19       00000
__Lbank2                                 bank2        00000
__Lbank20                                bank20       00000
__Lbank21                                bank21       00000
__Lbank22                                bank22       00000
__Lbank23                                bank23       00000
__Lbank24                                bank24       00000
__Lbank25                                bank25       00000
__Lbank26                                bank26       00000
__Lbank27                                bank27       00000
__Lbank28                                bank28       00000
__Lbank29                                bank29       00000
__Lbank3                                 bank3        00000
__Lbank30                                bank30       00000
__Lbank31                                bank31       00000
__Lbank4                                 bank4        00000
__Lbank5                                 bank5        00000
__Lbank6                                 bank6        00000
__Lbank7                                 bank7        00000
__Lbank8                                 bank8        00000
__Lbank9                                 bank9        00000
__Lbigram                                bigram       00000
__LbssBANK0                              bssBANK0     00000
__LbssBANK1                              bssBANK1     00000
__LbssBANK2                              bssBANK2     00000
__LbssCOMMON                             bssCOMMON    00000
__Lcinit                                 cinit        00024
__Lclrtext                               clrtext      00000
__Lcode                                  code         00000
__Lcommon                                common       00000
__Lconfig                                config       08007
__LcstackBANK0                           cstackBANK0  00000
__LcstackBANK1                           cstackBANK1  00000
__LcstackCOMMON                          cstackCOMMON 00000
__LdataBANK1                             dataBANK1    00000
__Leeprom_data                           eeprom_data  00000
__Lend_init                              end_init     00022
__Lfunctab                               functab      00000
__LidataBANK1                            idataBANK1   00000
__LidataBIGRAM                           idataBIGRAM  00000
__Lidloc                                 idloc        00000
__Linit                                  init         00022
__Linittext                              inittext     00000
__Lintentry                              intentry     00004
__Lmaintext                              maintext     00000
__Lpowerup                               powerup      00000
__Lram                                   ram          00000
__Lreset_vec                             reset_vec    00000
__Lsfr0                                  sfr0         00000
__Lsfr1                                  sfr1         00000
__Lsfr10                                 sfr10        00000
__Lsfr11                                 sfr11        00000
__Lsfr12                                 sfr12        00000
__Lsfr13                                 sfr13        00000
__Lsfr14                                 sfr14        00000
__Lsfr15                                 sfr15        00000
__Lsfr16                                 sfr16        00000
__Lsfr17                                 sfr17        00000
__Lsfr18                                 sfr18        00000
__Lsfr19                                 sfr19        00000
__Lsfr2                                  sfr2         00000
__Lsfr20                                 sfr20        00000
__Lsfr21                                 sfr21        00000
__Lsfr22                                 sfr22        00000
__Lsfr23                                 sfr23        00000
__Lsfr24                                 sfr24        00000
__Lsfr25                                 sfr25        00000
__Lsfr26                                 sfr26        00000
__Lsfr27                                 sfr27        00000
__Lsfr28                                 sfr28        00000
__Lsfr29                                 sfr29        00000
__Lsfr3                                  sfr3         00000
__Lsfr30                                 sfr30        00000
__Lsfr31                                 sfr31        00000
__Lsfr4                                  sfr4         00000
__Lsfr5                                  sfr5         00000
__Lsfr6                                  sfr6         00000
__Lsfr7                                  sfr7         00000
__Lsfr8                                  sfr8         00000
__Lsfr9                                  sfr9         00000
__Lspace_0                               (abs)        00000
__Lspace_1                               (abs)        00000
__Lspace_2                               (abs)        00000
__Lspace_3                               (abs)        00000
__Lstack                                 stack        00000
__Lstrings                               strings      00000
__Lstringtext1                           stringtext1  00000
__Lstringtext2                           stringtext2  00000
__Lstringtext3                           stringtext3  00000
__Lstringtext4                           stringtext4  00000
__Lstringtext5                           stringtext5  00000
__Lstringtext6                           stringtext6  00000
__Lstringtext7                           stringtext7  00000
__Lstringtext8                           stringtext8  00000
__Ltext                                  text         00000
__S0                                     (abs)        0800C
__S1                                     (abs)        0015B
__S2                                     (abs)        00000
__S3                                     (abs)        00000
___aldiv                                 text9        00B93
___aldiv@counter                         cstackBANK0  00029
___aldiv@dividend                        cstackBANK0  00024
___aldiv@divisor                         cstackBANK0  00020
___aldiv@quotient                        cstackBANK0  0002B
___aldiv@sign                            cstackBANK0  0002A
___almod                                 text8        0094A
___almod@counter                         cstackBANK0  00029
___almod@dividend                        cstackBANK0  00024
___almod@divisor                         cstackBANK0  00020
___almod@sign                            cstackBANK0  0002A
___awdiv                                 text3        016A5
___awdiv@counter                         cstackBANK0  00025
___awdiv@dividend                        cstackBANK0  00022
___awdiv@divisor                         cstackBANK0  00020
___awdiv@quotient                        cstackBANK0  00027
___awdiv@sign                            cstackBANK0  00026
___awmod                                 text7        01529
___awmod@counter                         cstackBANK0  00025
___awmod@dividend                        cstackBANK0  00022
___awmod@divisor                         cstackBANK0  00020
___awmod@sign                            cstackBANK0  00026
___bmul                                  text12       01F57
___bmul@multiplicand                     cstackBANK0  00020
___bmul@multiplier                       cstackBANK0  00023
___bmul@product                          cstackBANK0  00022
___int_sp                                stack        00000
___latbits                               (abs)        00002
___lmul                                  text16       01278
___lmul@multiplicand                     cstackBANK0  00024
___lmul@multiplier                       cstackBANK0  00020
___lmul@product                          cstackBANK0  00028
___lwdiv                                 text27       01340
___lwdiv@counter                         cstackBANK0  0002D
___lwdiv@dividend                        cstackBANK0  00028
___lwdiv@divisor                         cstackBANK0  00026
___lwdiv@quotient                        cstackBANK0  0002B
___lwmod                                 text26       0121D
___lwmod@counter                         cstackBANK0  00033
___lwmod@dividend                        cstackBANK0  00030
___lwmod@divisor                         cstackBANK0  0002E
___sp                                    stack        00000
___wmul                                  text34       01054
___wmul@multiplicand                     cstackBANK0  00022
___wmul@multiplier                       cstackBANK0  00020
___wmul@product                          cstackBANK0  00024
__doprnt                                 text23       0006E
__doprnt@ap                              cstackBANK0  00038
__doprnt@c                               cstackBANK0  00046
__doprnt@cp                              cstackBANK0  0003E
__doprnt@f                               cstackBANK0  00036
__doprnt@flag                            cstackBANK0  00043
__doprnt@len                             cstackBANK0  0003F
__doprnt@pb                              cstackBANK0  00034
__doprnt@prec                            cstackBANK0  0003D
__doprnt@val                             cstackBANK0  00041
__doprnt@width                           cstackBANK0  00044
__end_of_INTERRUPT_InterruptManager      intentry     00022
__end_of_Modify_Data                     text33       00A99
__end_of_OLED_Clear                      text28       01800
__end_of_OLED_Command                    text98       01E2A
__end_of_OLED_Data                       text32       01E52
__end_of_OLED_Initialize                 text97       00B13
__end_of_OLED_PutPicture                 text29       013E5
__end_of_OLED_SetColumn                  text31       01020
__end_of_OLED_SetRow                     text30       01E89
__end_of_OSCILLATOR_Initialize           text96       01E17
__end_of_PIN_MANAGER_Initialize          text95       0149E
__end_of_PMD_Initialize                  text94       01DD6
__end_of_SPI2_Exchange8bit               text99       01EA1
__end_of_SPI2_Initialize                 text93       01D85
__end_of_SYSTEM_Initialize               text35       01F08
[...]
      Totals:         5       0       0       0       0       0       0       0       0       0       0       0       0       0
Total ram usage:        5 bytes
 Hardware stack levels used:    1
 This function calls:
		Nothing
 This function is called by:
		i1_i2c_setDataCompleteCallback
 This function uses a non-reentrant model


 *************** function i1_i2c_setBuffer *****************
 Defined at:
		line 184 in file "mcc_generated_files/drivers/i2c_master.c"
 Parameters:    Size  Location     Type
  buffer          1    wreg     PTR void 
		 -> i2c_readDataBlock@reg(1), i2c_readDataBlock@d(3), i2c_write2ByteRegister@reg(1), i2c_write2ByteRegister@data(2), 
		 -> i2c_read2ByteRegister@reg(1), i2c_read2ByteRegister@result(2), i2c_read1ByteRegister@reg(1), i2c_read1ByteRegister@d2(1), 
		 -> i2c_write1ByteRegister@reg(1), i2c_write1ByteRegister@data(1), NULL(0), 
  bufferSize      2    0[COMMON] unsigned int 
 Auto vars:     Size  Location     Type
  buffer          1    3[COMMON] PTR void 
		 -> i2c_readDataBlock@reg(1), i2c_readDataBlock@d(3), i2c_write2ByteRegister@reg(1), i2c_write2ByteRegister@data(2), 
		 -> i2c_read2ByteRegister@reg(1), i2c_read2ByteRegister@result(2), i2c_read1ByteRegister@reg(1), i2c_read1ByteRegister@d2(1), 
		 -> i2c_write1ByteRegister@reg(1), i2c_write1ByteRegister@data(1), NULL(0), 
 Return value:  Size  Location     Type
                  1    wreg      void 
 Registers used:
		wreg
 Tracked objects:
		On entry : 
		On exit  : 
		Unchanged: 
 Data sizes:     COMMON   BANK0   BANK1   BANK2   BANK3   BANK4   BANK5   BANK6   BANK7   BANK8   BANK9  BANK10  BANK11  BANK12
      Params:         2       0       0       0       0       0       0       0       0       0       0       0       0       0
      Locals:         1       0       0       0       0       0       0       0       0       0       0       0       0       0
      Temps:          1       0       0       0       0       0       0       0       0       0       0       0       0       0
      Totals:         4       0       0       0       0       0       0       0       0       0       0       0       0       0
Total ram usage:        4 bytes
 Hardware stack levels used:    1
 This function calls:
		Nothing
 This function is called by:
		i1_wr1RegCompleteHandler
		i1_rd1RegCompleteHandler
		i1_rd2RegCompleteHandler
		i1_wr2RegCompleteHandler
		i1_rdBlkRegCompleteHandler
 This function uses a non-reentrant model


 *************** function i1_i2c1_driver_stop *****************
 Defined at:
		line 156 in file "mcc_generated_files/i2c1_driver.c"
 Parameters:    Size  Location     Type
		None
 Auto vars:     Size  Location     Type
		None
 Return value:  Size  Location     Type
                  1    wreg      void 
 Registers used:
		None
 Tracked objects:
		On entry : 
		On exit  : 
		Unchanged: 
 Data sizes:     COMMON   BANK0   BANK1   BANK2   BANK3   BANK4   BANK5   BANK6   BANK7   BANK8   BANK9  BANK10  BANK11  BANK12
      Params:         0       0       0       0       0       0       0       0       0       0       0       0       0       0
      Locals:         0       0       0       0       0       0       0       0       0       0       0       0       0       0
      Temps:          0       0       0       0       0       0       0       0       0       0       0       0       0       0
      Totals:         0       0       0       0       0       0       0       0       0       0       0       0       0       0
Total ram usage:        0 bytes
 Hardware stack levels used:    1
 This function calls:
		Nothing
 This function is called by:
		i1_do_I2C_SEND_STOP
 This function uses a non-reentrant model


 *************** function i1_i2c1_driver_restart *****************
 Defined at:
		line 151 in file "mcc_generated_files/i2c1_driver.c"
 Parameters:    Size  Location     Type
		None
 Auto vars:     Size  Location     Type
		None
 Return value:  Size  Location     Type
                  1    wreg      void 
 Registers used:
		None
 Tracked objects:
		On entry : 
		On exit  : 
		Unchanged: 
 Data sizes:     COMMON   BANK0   BANK1   BANK2   BANK3   BANK4   BANK5   BANK6   BANK7   BANK8   BANK9  BANK10  BANK11  BANK12
      Params:         0       0       0       0       0       0       0       0       0       0       0       0       0       0
      Locals:         0       0       0       0       0       0       0       0       0       0       0       0       0       0
      Temps:          0       0       0       0       0       0       0       0       0       0       0       0       0       0
      Totals:         0       0       0       0       0       0       0       0       0       0       0       0       0       0
Total ram usage:        0 bytes
 Hardware stack levels used:    1
 This function calls:
		Nothing
 This function is called by:
		i1_do_I2C_SEND_RESTART_READ
		i1_do_I2C_SEND_RESTART_WRITE
		i1_do_I2C_SEND_RESTART
 This function uses a non-reentrant model


 *************** function i1_i2c1_driver_sendACK *****************
 Defined at:
		line 196 in file "mcc_generated_files/i2c1_driver.c"
 Parameters:    Size  Location     Type
		None
 Auto vars:     Size  Location     Type
		None
 Return value:  Size  Location     Type
                  1    wreg      void 
 Registers used:
		None
 Tracked objects:
		On entry : 
		On exit  : 
		Unchanged: 
 Data sizes:     COMMON   BANK0   BANK1   BANK2   BANK3   BANK4   BANK5   BANK6   BANK7   BANK8   BANK9  BANK10  BANK11  BANK12
      Params:         0       0       0       0       0       0       0       0       0       0       0       0       0       0
      Locals:         0       0       0       0       0       0       0       0       0       0       0       0       0       0
      Temps:          0       0       0       0       0       0       0       0       0       0       0       0       0       0
      Totals:         0       0       0       0       0       0       0       0       0       0       0       0       0       0
Total ram usage:        0 bytes
 Hardware stack levels used:    1
 This function calls:
		Nothing
 This function is called by:
		i1_do_I2C_DO_ACK
		i1_do_I2C_RX
 This function uses a non-reentrant model


 *************** function _i2c_busCollisionISR *****************
 Defined at:
		line 435 in file "mcc_generated_files/drivers/i2c_master.c"
 Parameters:    Size  Location     Type
		None
 Auto vars:     Size  Location     Type
		None
 Return value:  Size  Location     Type
                  1    wreg      void 
 Registers used:
		status,2, status,0, pclath, cstack
 Tracked objects:
		On entry : 
		On exit  : 
		Unchanged: 
 Data sizes:     COMMON   BANK0   BANK1   BANK2   BANK3   BANK4   BANK5   BANK6   BANK7   BANK8   BANK9  BANK10  BANK11  BANK12
      Params:         0       0       0       0       0       0       0       0       0       0       0       0       0       0
      Locals:         0       0       0       0       0       0       0       0       0       0       0       0       0       0
      Temps:          0       0       0       0       0       0       0       0       0       0       0       0       0       0
      Totals:         0       0       0       0       0       0       0       0       0       0       0       0       0       0
Total ram usage:        0 bytes
 Hardware stack levels used:    1
 Hardware stack levels required when called:    1
 This function calls:
		_i2c1_driver_clearBusCollision
 This function is called by:
		_i2c_open
		_INTERRUPT_InterruptManager
 This function uses a non-reentrant model


 *************** function _i2c1_driver_clearBusCollision *****************
 Defined at:
		line 253 in file "mcc_generated_files/i2c1_driver.c"
 Parameters:    Size  Location     Type
		None
 Auto vars:     Size  Location     Type
		None
 Return value:  Size  Location     Type
                  1    wreg      void 
 Registers used:
		None
 Tracked objects:
		On entry : 
		On exit  : 
		Unchanged: 
 Data sizes:     COMMON   BANK0   BANK1   BANK2   BANK3   BANK4   BANK5   BANK6   BANK7   BANK8   BANK9  BANK10  BANK11  BANK12
      Params:         0       0       0       0       0       0       0       0       0       0       0       0       0       0
      Locals:         0       0       0       0       0       0       0       0       0       0       0       0       0       0
      Temps:          0       0       0       0       0       0       0       0       0       0       0       0       0       0
      Totals:         0       0       0       0       0       0       0       0       0       0       0       0       0       0
Total ram usage:        0 bytes
 Hardware stack levels used:    1
 This function calls:
		Nothing
 This function is called by:
		_i2c_busCollisionISR
 This function uses a non-reentrant model



MODULE INFORMATION

Module		Function		Class		Link	Load	Size
C:\Program Files (x86)\Microchip\xc8\v1.45\sources\common\doprnt.c
		__doprnt       		CODE           	006E	0000	771

C:\Program Files (x86)\Microchip\xc8\v1.45\sources\common\doprnt.c estimated size: 771

C:\Program Files (x86)\Microchip\xc8\v1.45\sources\common\putch.c
		_putch         		CODE           	1D0A	0000	2

C:\Program Files (x86)\Microchip\xc8\v1.45\sources\common\putch.c estimated size: 2

mcc_generated_files/interrupt_manager.c
		_INTERRUPT_InterruptManager		CODE           	0004	0000	31

mcc_generated_files/interrupt_manager.c estimated size: 31

C:\Program Files (x86)\Microchip\xc8\v1.45\sources\common\Umul16.c
		___wmul        		CODE           	1054	0000	29

C:\Program Files (x86)\Microchip\xc8\v1.45\sources\common\Umul16.c estimated size: 29

mcc_generated_files/pin_manager.c
		_PIN_MANAGER_Initialize		CODE           	145C	0000	67

mcc_generated_files/pin_manager.c estimated size: 67

C:\Program Files (x86)\Microchip\xc8\v1.45\sources\common\isdigit.c
		_isdigit       		CODE           	1F08	0000	16

C:\Program Files (x86)\Microchip\xc8\v1.45\sources\common\isdigit.c estimated size: 16

C:\Program Files (x86)\Microchip\xc8\v1.45\sources\common\lwmod.c
		___lwmod       		CODE           	121D	0000	46

C:\Program Files (x86)\Microchip\xc8\v1.45\sources\common\lwmod.c estimated size: 46

C:\Program Files (x86)\Microchip\xc8\v1.45\sources\common\awmod.c
		___awmod       		CODE           	1529	0000	71

C:\Program Files (x86)\Microchip\xc8\v1.45\sources\common\awmod.c estimated size: 71

C:\Program Files (x86)\Microchip\xc8\v1.45\sources\common\almod.c
		___almod       		CODE           	094A	0000	111

C:\Program Files (x86)\Microchip\xc8\v1.45\sources\common\almod.c estimated size: 111

mcc_generated_files/drivers/i2c_simple_master.c
		_wr1RegCompleteHandler		CODE           	1FA7	0000	23
		_wr2RegCompleteHandler		CODE           	1F91	0000	23
		_i2c_write1ByteRegister		CODE           	12A8	0000	51
		_rdBlkRegCompleteHandler		CODE           	1070	0000	30
		_i2c_read1ByteRegister		CODE           	1607	0000	79
		_rd1RegCompleteHandler		CODE           	1FBD	0000	23
		_rd2RegCompleteHandler		CODE           	1FD3	0000	23

mcc_generated_files/drivers/i2c_simple_master.c estimated size: 252

C:\Program Files (x86)\Microchip\xc8\v1.45\sources\common\Umul32.c
		___lmul        		CODE           	1278	0000	49

C:\Program Files (x86)\Microchip\xc8\v1.45\sources\common\Umul32.c estimated size: 49

C:\Program Files (x86)\Microchip\xc8\v1.45\sources\common\sprintf.c
		_sprintf       		CODE           	10CB	0000	33

C:\Program Files (x86)\Microchip\xc8\v1.45\sources\common\sprintf.c estimated size: 33

mcc_generated_files/RTC6.c
		_rtc6_GetTime  		CODE           	0C15	0000	137
		_rtc6_SetTime  		CODE           	0B13	0000	129
		_rtcc_write    		CODE           	1F69	0000	20
		_rtc6_GetComponent		CODE           	10EB	0000	33
		_rtc6_Initialize		CODE           	174E	0000	90
		_rtc6_SetComponent		CODE           	13E5	0000	58
		_rtcc_read     		CODE           	1E3E	0000	11

mcc_generated_files/RTC6.c estimated size: 478

shared
		i1_returnReset 		CODE           	1D0D	0000	3
		i1_do_I2C_SEND_ADR_READ		CODE           	1DC6	0000	9
		i1_do_I2C_DO_NACK_STOP		CODE           	1D5B	0000	5
		i1_mssp1_clearIRQ		CODE           	1D24	0000	4
		i1_setCallBack 		CODE           	112E	0000	37
		i1_do_I2C_SEND_RESTART		CODE           	1D4F	0000	5
		i1_i2c_restartWrite		CODE           	0002	0000	3
		i1_do_I2C_TX_EMPTY		CODE           	119D	0000	42
		_moninit       		STRCODE        	1855	0000	13
		_lookup        		STRCODE        	074B	0000	476
		_dpowers       		STRCODE        	1861	0000	11
		i1_do_I2C_DO_NACK_RESTART		CODE           	1D5F	0000	5
		i1_do_I2C_SEND_RESTART_READ		CODE           	1D47	0000	5
		i1_do_I2C_DO_ADDRESS_NACK		CODE           	110B	0000	36
		i1_rd1RegCompleteHandler		CODE           	1F37	0000	17
		i1_do_I2C_RX   		CODE           	141E	0000	63
		i1_do_I2C_TX   		CODE           	156F	0000	75
		i1_i2c_ISR     		CODE           	1177	0000	39
		i1_i2c1_driver_sendNACK		CODE           	1D43	0000	5
		i1_do_I2C_IDLE 		CODE           	1D74	0000	6
		i1_do_I2C_RCEN 		CODE           	1D79	0000	7
		i1_i2c1_driver_isNACK		CODE           	1DBE	0000	9
		__initialization		CODE           	0024	0000	71
		i1_mssp1_setIRQ		CODE           	1D21	0000	4
		i1_i2c1_driver_restart		CODE           	1D15	0000	4
		i1_i2c1_driver_stop		CODE           	1D18	0000	4
		i1_rd2RegCompleteHandler		CODE           	1F47	0000	17
		i1_i2c_setDataCompleteCallback		CODE           	1E89	0000	13
		i1_do_I2C_RESET		CODE           	1DA9	0000	8
		i1_i2c1_driver_startRX		CODE           	1D1B	0000	4
		i1_i2c1_driver_resetBus		CODE           	1D08	0000	2
		i1_i2c1_driver_sendACK		CODE           	1D3F	0000	5
		_fsmStateTable 		STRCODE        	1800	0000	33
		i1_do_I2C_SEND_RESTART_WRITE		CODE           	1D4B	0000	5
		i1_do_I2C_DO_ACK		CODE           	1D57	0000	5
		i1_do_I2C_SEND_ADR_WRITE		CODE           	1DB0	0000	8
		i1_i2c1_driver_getRXData		CODE           	1D1E	0000	4
		i1_wr1RegCompleteHandler		CODE           	1F27	0000	17
		i1_do_I2C_SEND_STOP		CODE           	1D53	0000	5
		i1_i2c1_driver_TXData		CODE           	1D6F	0000	6
		_emptyArray    		STRCODE        	0370	0000	476
		i1_i2c_setBuffer		CODE           	1EEB	0000	15
		i1_rdBlkRegCompleteHandler		CODE           	1FE9	0000	24
		i1_wr2RegCompleteHandler		CODE           	1F17	0000	17
		i1_returnStop  		CODE           	1D0B	0000	3

shared estimated size: 1625

C:\Program Files (x86)\Microchip\xc8\v1.45\sources\common\ctime.c
		_gmtime        		CODE           	0EAE	0000	339
		_localtime     		CODE           	149E	0000	70
		_dylen         		CODE           	1375	0000	56

C:\Program Files (x86)\Microchip\xc8\v1.45\sources\common\ctime.c estimated size: 465

mcc_generated_files/mcc.c
		_PMD_Initialize		CODE           	1DCE	0000	9
		_OSCILLATOR_Initialize		CODE           	1E0E	0000	10
		_SYSTEM_Initialize		CODE           	1EF9	0000	16

mcc_generated_files/mcc.c estimated size: 35

C:\Program Files (x86)\Microchip\xc8\v1.45\sources\common\mktime.c
		_mktime        		CODE           	0D8D	0000	290
		_isleap        		CODE           	130C	0000	53
		_months_to_days		CODE           	10AC	0000	32
		_ymd_to_scalar 		CODE           	16F7	0000	88
		_years_to_days 		CODE           	09B8	0000	113

C:\Program Files (x86)\Microchip\xc8\v1.45\sources\common\mktime.c estimated size: 576

mcc_generated_files/drivers/i2c_master.c
		_i2c_setDataCompleteCallback		CODE           	1ED1	0000	14
		_returnStop    		CODE           	1D85	0000	7
		_i2c_setBuffer 		CODE           	1F7C	0000	22
		_i2c_busCollisionISR		CODE           	1D12	0000	4
		_i2c_ISR       		CODE           	11F0	0000	46
		_i2c_close     		CODE           	1039	0000	28
		_i2c_masterOperation		CODE           	0926	0000	37
		_do_I2C_TX_EMPTY		CODE           	124A	0000	47
		_setCallBack   		CODE           	1152	0000	38
		_returnReset   		CODE           	1D8B	0000	7
		_do_I2C_SEND_RESTART_WRITE		CODE           	1DDE	0000	9
		_i2c_poller    		CODE           	1E73	0000	12
		_i2c_masterWrite		CODE           	1D6B	0000	5
		_do_I2C_DO_NACK_RESTART		CODE           	1E06	0000	9
		_do_I2C_SEND_RESTART_READ		CODE           	1DD6	0000	9
		_i2c_setAddressNACKCallback		CODE           	1EDE	0000	14
		_do_I2C_SEND_ADR_WRITE		CODE           	1E5D	0000	12
		_do_I2C_SEND_STOP		CODE           	1DEE	0000	9
		_i2c_open      		CODE           	15B9	0000	79
		_do_I2C_SEND_ADR_READ		CODE           	1EA1	0000	13
		_do_I2C_DO_NACK_STOP		CODE           	1DFE	0000	9
		_do_I2C_SEND_RESTART		CODE           	1DE6	0000	9
		_do_I2C_RX     		CODE           	14E3	0000	71
		_do_I2C_TX     		CODE           	1655	0000	81
		_do_I2C_IDLE   		CODE           	1000	0000	10
		_do_I2C_RCEN   		CODE           	1E2A	0000	11
		_do_I2C_DO_ADDRESS_NACK		CODE           	11C6	0000	43
		_do_I2C_RESET  		CODE           	1E52	0000	12
		_do_I2C_DO_ACK 		CODE           	1DF6	0000	9

mcc_generated_files/drivers/i2c_master.c estimated size: 676

C:\Program Files (x86)\Microchip\xc8\v1.45\sources\common\lwdiv.c
		___lwdiv       		CODE           	1340	0000	54

C:\Program Files (x86)\Microchip\xc8\v1.45\sources\common\lwdiv.c estimated size: 54

C:\Program Files (x86)\Microchip\xc8\v1.45\sources\common\awdiv.c
		___awdiv       		CODE           	16A5	0000	83

C:\Program Files (x86)\Microchip\xc8\v1.45\sources\common\awdiv.c estimated size: 83

mcc_generated_files/drivers/i2c_types.c
		_i2c_restartWrite		CODE           	1D91	0000	7

mcc_generated_files/drivers/i2c_types.c estimated size: 7

oled.c
		_OLED_SetColumn		CODE           	1009	0000	24
		_OLED_Initialize		CODE           	0A99	0000	123
		_OLED_Clear    		CODE           	17A7	0000	90
		_Write_String  		CODE           	12DA	0000	51
		_Modify_Data   		CODE           	0A28	0000	114
		_OLED_Command  		CODE           	1E20	0000	11
		_OLED_PutPicture		CODE           	13AC	0000	58
		_OLED_SetRow   		CODE           	1E7E	0000	12
		_OLED_Data     		CODE           	1E48	0000	11

oled.c estimated size: 494

mcc_generated_files/i2c1_driver.c
		_mssp1_waitForEvent		CODE           	1E68	0000	12
		_i2c1_driver_open		CODE           	1E34	0000	11
		_mssp1_disableIRQ		CODE           	1D2A	0000	4
		_i2c1_driver_isNACK		CODE           	1E17	0000	10
		_i2c1_driver_stop		CODE           	1D33	0000	4
		_i2c1_driver_getRXData		CODE           	1D39	0000	4
		_i2c1_driver_TXData		CODE           	1D97	0000	7
		_i2c1_driver_setBusCollisionISR		CODE           	1D9D	0000	7
		_i2c1_driver_start		CODE           	1D2D	0000	4
		_i2c1_driver_sendACK		CODE           	1D63	0000	5
		_mssp1_setIRQ  		CODE           	1D3C	0000	4
		_i2c1_driver_sendNACK		CODE           	1D67	0000	5
		_i2c1_driver_restart		CODE           	1D30	0000	4
		_i2c1_driver_resetBus		CODE           	1D09	0000	2
		_i2c1_driver_clearBusCollision		CODE           	1D0F	0000	4
		_mssp1_clearIRQ		CODE           	1D27	0000	4
		_i2c1_driver_startRX		CODE           	1D36	0000	4
		_i2c1_driver_setI2cISR		CODE           	1DA3	0000	7
		_mssp1_IRQisEnabled		CODE           	1DB7	0000	8

mcc_generated_files/i2c1_driver.c estimated size: 110

C:\Program Files (x86)\Microchip\xc8\v1.45\sources\common\aldiv.c
		___aldiv       		CODE           	0B93	0000	131

C:\Program Files (x86)\Microchip\xc8\v1.45\sources\common\aldiv.c estimated size: 131

mcc_generated_files/spi2.c
		_SPI2_Exchange8bit		CODE           	1E95	0000	13
		_SPI2_Initialize		CODE           	1D7F	0000	7

mcc_generated_files/spi2.c estimated size: 20

C:\Program Files (x86)\Microchip\xc8\v1.45\sources\common\Umul8.c
		___bmul        		CODE           	1F57	0000	19

C:\Program Files (x86)\Microchip\xc8\v1.45\sources\common\Umul8.c estimated size: 19

main.c
		_main          		CODE           	0C9D	0000	241

main.c estimated size: 241

C:\Program Files (x86)\Microchip\xc8\v1.45\sources\common\strlen.c
		_strlen        		CODE           	108D	0000	32

C:\Program Files (x86)\Microchip\xc8\v1.45\sources\common\strlen.c estimated size: 32

C:\Program Files (x86)\Microchip\xc8\v1.45\sources\common\memset.c
		_memset        		CODE           	1020	0000	26

C:\Program Files (x86)\Microchip\xc8\v1.45\sources\common\memset.c estimated size: 26

