Microchip MPLAB XC8 Compiler V1.45 ()

Linker command line:

-W-3 --edf=C:\Program Files (x86)\Microchip\xc8\v1.45\dat\en_msgs.txt -cs \
  -h+dist/default/production\AlarmClock.X.production.sym \
  --cmf=dist/default/production\AlarmClock.X.production.cmf -z -Q16F18875 \
  -oC:\Users\werni\AppData\Local\Temp\s988.2 \
  -Mdist/default/production/AlarmClock.X.production.map -E1 -ver=XC8 \
  -ASTACK=020C9h-021b0h -pstack=STACK -ACODE=00h-07FFhx4 \
  -ASTRCODE=00h-01FFFh -ASTRING=00h-0FFhx32 -ACONST=00h-0FFhx32 \
  -AENTRY=00h-0FFhx32 -ACOMMON=070h-07Fh -ABANK0=020h-06Fh \
  -ABANK1=0A0h-0EFh -ABANK2=0120h-016Fh -ABANK3=01A0h-01EFh \
  -ABANK4=0220h-026Fh -ABANK5=02A0h-02EFh -ABANK6=0320h-036Fh \
  -ABANK7=03A0h-03EFh -ABANK8=0420h-046Fh -ABANK9=04A0h-04EFh \
  -ABANK10=0520h-056Fh -ABANK11=05A0h-05EFh -ABANK12=0620h-064Fh \
  -ABIGRAM=02000h-023EFh \
  -ARAM=020h-06Fh,0A0h-0EFh,0120h-016Fh,01A0h-01EFh,0220h-026Fh,02A0h-02EFh,0320h-036Fh,03A0h-03EFh,0420h-046Fh,04A0h-04EFh,0520h-056Fh,05A0h-05EFh,0620h-064Fh \
  -AABS1=020h-07Fh,0A0h-0EFh,0120h-016Fh,01A0h-01EFh,0220h-026Fh,02A0h-02EFh,0320h-036Fh,03A0h-03EFh,0420h-046Fh,04A0h-04EFh,0520h-056Fh,05A0h-05EFh,0620h-064Fh \
  -ASFR0=00h-01Fh -ASFR1=080h-09Fh -ASFR2=0100h-011Fh -ASFR3=0180h-019Fh \
  -ASFR4=0200h-021Fh -ASFR5=0280h-029Fh -ASFR6=0300h-031Fh \
  -ASFR7=0380h-039Fh -ASFR8=0400h-041Fh -ASFR9=0480h-049Fh \
  -ASFR10=0500h-051Fh -ASFR11=0580h-059Fh -ASFR12=0600h-061Fh \
  -ASFR13=0680h-06EFh -ASFR14=0700h-076Fh -ASFR15=0780h-07EFh \
  -ASFR16=0800h-086Fh -ASFR17=0880h-08EFh -ASFR18=0900h-096Fh \
  -ASFR19=0980h-09EFh -ASFR20=0A00h-0A6Fh -ASFR21=0A80h-0AEFh \
  -ASFR22=0B00h-0B6Fh -ASFR23=0B80h-0BEFh -ASFR24=0C00h-0C6Fh \
  -ASFR25=0C80h-0CEFh -ASFR26=0D00h-0D6Fh -ASFR27=0D80h-0DEFh \
  -ASFR28=0E00h-0E6Fh -ASFR29=0E80h-0EEFh -ASFR30=0F00h-0F6Fh \
  -ASFR31=0F80h-0FEFh -preset_vec=00h,intentry=04h,init,end_init \
  -ppowerup=CODE -pcinit=CODE -pfunctab=ENTRY -ACONFIG=08007h-0800Bh \
  -pconfig=CONFIG -DCONFIG=2 -AIDLOC=08000h-08003h -pidloc=IDLOC -DIDLOC=2 \
  -AEEDATA=00h-0FFh/0F000h -peeprom_data=EEDATA -DEEDATA=2 -DCODE=2 \
  -DSTRCODE=2 -DSTRING=2 -DCONST=2 -DENTRY=2 -k \
  C:\Users\werni\AppData\Local\Temp\s988.obj \
  dist/default/production\AlarmClock.X.production.obj 

Object code version is 3.11

Machine type is 16F18875



                Name                               Link     Load   Length Selector   Space Scale
C:\Users\werni\AppData\Local\Temp\s988.obj
                end_init                             22       22        2        8       0
                reset_vec                             0        0        2        0       0
                config                             8007     8007        5    1000E       0
dist/default/production\AlarmClock.X.production.obj
                cinit                                24       24       38        8       0
                intentry                              4        4       1E        8       0
                text139                            1F26     1F26        3     3E4C       0
                text138                            1F29     1F29        3     3E52       0
                text137                            1F56     1F56        4     3EAC       0
                text136                            1F2C     1F2C        3     3E58       0
                text135                            1F2F     1F2F        3     3E5E       0
                text134                            1100     1100        E     2200       0
                text133                            12FE     12FE       24     25FC       0
                text132                            10D9     10D9        D     21B2       0
                text131                            112C     112C       11     2258       0
                text130                            1F22     1F22        2     3E44       0
                text129                            1F24     1F24        2     3E48       0
                text128                               2        2        2        0       0
                text127                            113D     113D       11     227A       0
                text126                            114E     114E       11     229C       0
                text125                            115F     115F       11     22BE       0
                text124                            1219     1219       18     2432       0
                text123                            1F32     1F32        3     3E64       0
                text122                            1F20     1F20        1     3E40       0
                text121                            1F5A     1F5A        4     3EB4       0
                text120                            1F35     1F35        3     3E6A       0
                text119                            1F86     1F86        5     3F0C       0
                text118                            1FD0     1FD0        8     3FA0       0
                text117                            1F38     1F38        3     3E70       0
                text116                            136B     136B       2A     26D6       0
                text115                            1FBB     1FBB        7     3F76       0
                text114                            1000     1000        5     1D5C       0
                text113                            1F5E     1F5E        4     3EBC       0
                text112                            1F62     1F62        4     3EC4       0
                text111                            1F66     1F66        4     3ECC       0
                text110                            1F6A     1F6A        4     3ED4       0
                text109                            1FD8     1FD8        8     3FB0       0
                text108                            1FC2     1FC2        7     3F84       0
                text107                            1F8B     1F8B        6     3F16       0
                text106                            1F6E     1F6E        4     3EDC       0
                text105                            1F72     1F72        4     3EE4       0
                text104                            1F76     1F76        4     3EEC       0
                text103                            1322     1322       24     2644       0
                text102                            1767     1767       4B     2ECE       0
                text101                            1615     1615       3F     2C2A       0
                text100                            1F3B     1F3B        3     3E76       0
                text99                              800      800       26     1000       0
                text97                             10A9     10A9        C     2152       0
                text96                             1040     1040        A     2080       0
                text95                              B89      B89       7A     1712       0
                text94                             1025     1025        9     204A       0
                text93                             1654     1654       42     2CA8       0
                text92                             1FE0     1FE0        8     3FC0       0
                text91                             1F91     1F91        6     3F22       0
                text90                             1F3E     1F3E        3     3E7C       0
                text89                             1F41     1F41        3     3E82       0
                text88                             1231     1231       1B     2462       0
                text87                             1F44     1F44        3     3E88       0
                text86                             1F7A     1F7A        4     3EF4       0
                text85                             1F47     1F47        3     3E8E       0
                text84                             1F4A     1F4A        3     3E94       0
                text83                             1195     1195       15     232A       0
                text82                             1346     1346       25     268C       0
                text81                             10E6     10E6        D     21CC       0
                text80                             11AA     11AA       16     2354       0
                text79                             1F97     1F97        6     3F2E       0
                text78                             1F9D     1F9D        6     3F3A       0
                text77                             1FA3     1FA3        6     3F46       0
                text76                             11C0     11C0       16     2380       0
                text75                             11D6     11D6       16     23AC       0
                text74                             11EC     11EC       16     23D8       0
                text73                             1283     1283       1D     2506       0
                text72                             1F4D     1F4D        3     3E9A       0
                text71                             1F21     1F21        1     3E42       0
                text70                             1F7E     1F7E        4     3EFC       0
                text69                             1F50     1F50        3     3EA0       0
                text68                             1FA9     1FA9        6     3F52       0
                text67                             102E     102E        9     205C       0
                text66                             1F53     1F53        3     3EA6       0
                text65                             1444     1444       2E     2888       0
                text64                             1072     1072        B     20E4       0
                text63                             1037     1037        9     206E       0
                text62                             1FE8     1FE8        8     3FD0       0
                text61                             1FF0     1FF0        8     3FE0       0
                text60                             1FF8     1FF8        8     3FF0       0
                text59                             1005     1005        8     200A       0
                text58                             10B5     10B5        C     216A       0
                text57                             107D     107D        B     20FA       0
                text56                             104A     104A        A     2094       0
                text55                             100D     100D        8     201A       0
                text54                             1015     1015        8     202A       0
                text53                             101D     101D        8     203A       0
                text52                             1395     1395       2A     272A       0
                text51                              874      874       50     10E8       0
                text50                             16DB     16DB       46     2DB6       0
                text49                             13EA     13EA       2D     27D4       0
                text48                             1088     1088        B     2110       0
                text47                             1093     1093        B     2126       0
                text46                             1FC9     1FC9        7     3F92       0
                text45                              7DC      7DC       24      C24       0
                text44                             1F82     1F82        4     3F04       0
                text43                             1054     1054        A     20A8       0
                text42                             1FAF     1FAF        6     3F5E       0
                text41                             1FB5     1FB5        6     3F6A       0
                text40                             17B2     17B2       4E     2F64       0
                text39                             10F3     10F3        D     21E6       0
                text38                              826      826       4E     104C       0
                text37                             105E     105E        A     20BC       0
                text36                             14D1     14D1       32     29A2       0
                text35                             1182     1182       13     2304       0
                text34                              96D      96D       59     12DA       0
                text33                             110E     110E        F     221C       0
                text32                             14A1     14A1       30     2942       0
                text31                              C03      C03       82     1806       0
                text30                              9C6      9C6       6E     138C       0
                text29                             1721     1721       46     2E42       0
                text28                             1417     1417       2D     282E       0
                text27                             156C     156C       37     2AD8       0
                text26                              EAE      EAE      152     1D5C       0
                text25                             1696     1696       45     2D2C       0
                text24                             124C     124C       1B     2498       0
                text23                              8C4      8C4       52     1188       0
                text22                             15A3     15A3       39     2B46       0
                text21                              B15      B15       74     162A       0
                text20                             13BF     13BF       2B     277E       0
                text19                             1267     1267       1C     24CE       0
                text18                              AA4      AA4       71     1548       0
                text17                             1068     1068        A     20D0       0
                text16                             1202     1202       17     2404       0
                text15                             109E     109E        B     213C       0
                text14                             15DC     15DC       39     2BB8       0
                text13                             1537     1537       35     2A6E       0
                text12                             111D     111D        F     223A       0
                text11                              612      612      1CA      C24       0
                text10                             12A0     12A0       1F     2540       0
                text9                              1472     1472       2F     28E4       0
                text8                              1503     1503       34     2A06       0
                text7                              12BF     12BF       1F     257E       0
                text6                               A34      A34       70     1468       0
                text5                               916      916       57     122C       0
                text4                               D8D      D8D      121     1B1A       0
                text3                              1170     1170       12     22E0       0
                text2                              12DE     12DE       20     25BC       0
                text1                               D08      D08       85     1A10       0
                maintext                            C85      C85       83     190A       0
                cstackBANK0                          20       20       4F       20       1
                cstackCOMMON                         70       70        8       70       1
                cstackBANK1                          D3       D3       17       A0       1
                clrtext                            10C1     10C1        C     2182       0
                inittext                           10CD     10CD        C     219A       0
                bssBANK2                            120      120       29      120       1
                bssBANK1                             A0       A0       33       A0       1
                bssCOMMON                            78       78        6       70       1
                stringtext7                        183F     183F       16     3000       0
                stringtext6                        1820     1820       1F     3000       0
                stringtext5                          5C       5C      200       B8       0
                stringtext4                        1861     1861        A     3000       0
                stringtext3                        1855     1855        C     3000       0
                stringtext2                        1800     1800       20     3000       0
                stringtext1                         437      437      1DB      86E       0
                idataBIGRAM                         25C      25C      1DB      4B8       0

TOTAL           Name                               Link     Load   Length     Space
        CLASS   STACK          

        CLASS   CODE           
                end_init                             22       22        2         0
                cinit                                24       24       38         0
                intentry                              4        4       1E         0
                reset_vec                             0        0        2         0
                text139                            1F26     1F26        3         0
                text138                            1F29     1F29        3         0
                text137                            1F56     1F56        4         0
                text136                            1F2C     1F2C        3         0
                text135                            1F2F     1F2F        3         0
                text134                            1100     1100        E         0
                text133                            12FE     12FE       24         0
                text132                            10D9     10D9        D         0
                text131                            112C     112C       11         0
                text130                            1F22     1F22        2         0
                text129                            1F24     1F24        2         0
                text128                               2        2        2         0
                text127                            113D     113D       11         0
                text126                            114E     114E       11         0
                text125                            115F     115F       11         0
                text124                            1219     1219       18         0
                text123                            1F32     1F32        3         0
                text122                            1F20     1F20        1         0
                text121                            1F5A     1F5A        4         0
                text120                            1F35     1F35        3         0
                text119                            1F86     1F86        5         0
                text118                            1FD0     1FD0        8         0
                text117                            1F38     1F38        3         0
                text116                            136B     136B       2A         0
                text115                            1FBB     1FBB        7         0
                text114                            1000     1000        5         0
                text113                            1F5E     1F5E        4         0
                text112                            1F62     1F62        4         0
                text111                            1F66     1F66        4         0
                text110                            1F6A     1F6A        4         0
                text109                            1FD8     1FD8        8         0
                text108                            1FC2     1FC2        7         0
                text107                            1F8B     1F8B        6         0
                text106                            1F6E     1F6E        4         0
                text105                            1F72     1F72        4         0
                text104                            1F76     1F76        4         0
                text103                            1322     1322       24         0
                text102                            1767     1767       4B         0
                text101                            1615     1615       3F         0
                text100                            1F3B     1F3B        3         0
                text99                              800      800       26         0
                text97                             10A9     10A9        C         0
                text96                             1040     1040        A         0
                text95                              B89      B89       7A         0
                text94                             1025     1025        9         0
                text93                             1654     1654       42         0
                text92                             1FE0     1FE0        8         0
                text91                             1F91     1F91        6         0
                text90                             1F3E     1F3E        3         0
                text89                             1F41     1F41        3         0
                text88                             1231     1231       1B         0
                text87                             1F44     1F44        3         0
                text86                             1F7A     1F7A        4         0
                text85                             1F47     1F47        3         0
                text84                             1F4A     1F4A        3         0
                text83                             1195     1195       15         0
                text82                             1346     1346       25         0
                text81                             10E6     10E6        D         0
                text80                             11AA     11AA       16         0
                text79                             1F97     1F97        6         0
                text78                             1F9D     1F9D        6         0
                text77                             1FA3     1FA3        6         0
                text76                             11C0     11C0       16         0
                text75                             11D6     11D6       16         0
                text74                             11EC     11EC       16         0
                text73                             1283     1283       1D         0
                text72                             1F4D     1F4D        3         0
                text71                             1F21     1F21        1         0
                text70                             1F7E     1F7E        4         0
                text69                             1F50     1F50        3         0
                text68                             1FA9     1FA9        6         0
                text67                             102E     102E        9         0
                text66                             1F53     1F53        3         0
                text65                             1444     1444       2E         0
                text64                             1072     1072        B         0
                text63                             1037     1037        9         0
                text62                             1FE8     1FE8        8         0
                text61                             1FF0     1FF0        8         0
                text60                             1FF8     1FF8        8         0
                text59                             1005     1005        8         0
                text58                             10B5     10B5        C         0
                text57                             107D     107D        B         0
                text56                             104A     104A        A         0
                text55                             100D     100D        8         0
                text54                             1015     1015        8         0
                text53                             101D     101D        8         0
                text52                             1395     1395       2A         0
                text51                              874      874       50         0
                text50                             16DB     16DB       46         0
                text49                             13EA     13EA       2D         0
                text48                             1088     1088        B         0
                text47                             1093     1093        B         0
                text46                             1FC9     1FC9        7         0
                text45                              7DC      7DC       24         0
                text44                             1F82     1F82        4         0
                text43                             1054     1054        A         0
                text42                             1FAF     1FAF        6         0
                text41                             1FB5     1FB5        6         0
                text40                             17B2     17B2       4E         0
                text39                             10F3     10F3        D         0
                text38                              826      826       4E         0
                text37                             105E     105E        A         0
                text36                             14D1     14D1       32         0
                text35                             1182     1182       13         0
                text34                              96D      96D       59         0
                text33                             110E     110E        F         0
                text32                             14A1     14A1       30         0
                text31                              C03      C03       82         0
                text30                              9C6      9C6       6E         0
                text29                             1721     1721       46         0
                text28                             1417     1417       2D         0
                text27                             156C     156C       37         0
                text26                              EAE      EAE      152         0
                text25                             1696     1696       45         0
                text24                             124C     124C       1B         0
                text23                              8C4      8C4       52         0
                text22                             15A3     15A3       39         0
                text21                              B15      B15       74         0
                text20                             13BF     13BF       2B         0
                text19                             1267     1267       1C         0
                text18                              AA4      AA4       71         0
                text17                             1068     1068        A         0
                text16                             1202     1202       17         0
                text15                             109E     109E        B         0
                text14                             15DC     15DC       39         0
                text13                             1537     1537       35         0
                text12                             111D     111D        F         0
                text11                              612      612      1CA         0
                text10                             12A0     12A0       1F         0
                text9                              1472     1472       2F         0
                text8                              1503     1503       34         0
                text7                              12BF     12BF       1F         0
                text6                               A34      A34       70         0
                text5                               916      916       57         0
                text4                               D8D      D8D      121         0
                text3                              1170     1170       12         0
                text2                              12DE     12DE       20         0
                text1                               D08      D08       85         0
                maintext                            C85      C85       83         0
                clrtext                            10C1     10C1        C         0
                inittext                           10CD     10CD        C         0
                idataBIGRAM                         25C      25C      1DB         0

        CLASS   STRCODE        
                stringtext7                        183F     183F       16         0
                stringtext6                        1820     1820       1F         0
                stringtext5                          5C       5C      200         0
                stringtext4                        1861     1861        A         0
                stringtext3                        1855     1855        C         0
                stringtext2                        1800     1800       20         0
                stringtext1                         437      437      1DB         0

        CLASS   STRING         

        CLASS   CONST          

        CLASS   ENTRY          

        CLASS   COMMON         
                cstackCOMMON                         70       70        8         1
                bssCOMMON                            78       78        6         1

        CLASS   BANK0          
                cstackBANK0                          20       20       4F         1

        CLASS   BANK1          
                cstackBANK1                          D3       D3       17         1
                bssBANK1                             A0       A0       33         1

        CLASS   BANK2          
                bssBANK2                            120      120       29         1

        CLASS   BANK3          

        CLASS   BANK4          

        CLASS   BANK5          

        CLASS   BANK6          

        CLASS   BANK7          

        CLASS   BANK8          

        CLASS   BANK9          

        CLASS   BANK10         

        CLASS   BANK11         

        CLASS   BANK12         

        CLASS   BIGRAM         

        CLASS   RAM            

        CLASS   ABS1           
                abs_s1                               7E       7E        2         1
                abs_s1                              2C1      2C1       2F         1
                abs_s1                              320      320       50         1
                abs_s1                              3A0      3A0       50         1
                abs_s1                              420      420       50         1
                abs_s1                              4A0      4A0       50         1
                abs_s1                              520      520       50         1
                abs_s1                              5A0      5A0       50         1
                abs_s1                              620      620       30         1
                abs_s1                             21B1     21B1        0         1
                abs_s1                             238C     238C        0         1

        CLASS   SFR0           

        CLASS   SFR1           

        CLASS   SFR2           

        CLASS   SFR3           

        CLASS   SFR4           

        CLASS   SFR5           

        CLASS   SFR6           

        CLASS   SFR7           

        CLASS   SFR8           

        CLASS   SFR9           

        CLASS   SFR10          

        CLASS   SFR11          

        CLASS   SFR12          

        CLASS   SFR13          

        CLASS   SFR14          

        CLASS   SFR15          

        CLASS   SFR16          

        CLASS   SFR17          

        CLASS   SFR18          

        CLASS   SFR19          

        CLASS   SFR20          

        CLASS   SFR21          

        CLASS   SFR22          

        CLASS   SFR23          

        CLASS   SFR24          

        CLASS   SFR25          

        CLASS   SFR26          

        CLASS   SFR27          

        CLASS   SFR28          

        CLASS   SFR29          

        CLASS   SFR30          

        CLASS   SFR31          

        CLASS   CONFIG         
                config                             8007     8007        5         0

        CLASS   IDLOC          

        CLASS   EEDATA         

        CLASS   BANK31         

        CLASS   BANK30         

        CLASS   BANK29         

        CLASS   BANK28         

        CLASS   BANK27         

        CLASS   BANK26         

        CLASS   BANK25         

        CLASS   BANK24         

        CLASS   BANK23         

        CLASS   BANK22         

        CLASS   BANK21         

        CLASS   BANK20         

        CLASS   BANK19         

        CLASS   BANK18         

        CLASS   BANK17         

        CLASS   BANK16         

        CLASS   BANK15         

        CLASS   BANK14         

        CLASS   BANK13         



SEGMENTS        Name                           Load    Length   Top    Selector   Space  Class     Delta

                reset_vec                      000000  000004  000004         0       0  CODE        2
                intentry                       000004  000058  00005C         8       0  CODE        2
                cstackBANK0                    000020  00004F  00006F        20       1  BANK0       1
                cstackCOMMON                   000070  00000E  00007E        70       1  COMMON      1
                bssBANK1                       0000A0  00004A  0000EA        A0       1  BANK1       1
                stringtext5                    00005C  000200  00025C        B8       0  STRCODE     2
                bssBANK2                       000120  000029  000149       120       1  BANK2       1
                idataBIGRAM                    00025C  0001DB  000437       4B8       0  CODE        2
                stringtext1                    000437  0001DB  000612       86E       0  STRCODE     2
                text11                         000612  0001EE  000800       C24       0  CODE        2
                text99                         000800  000026  000826      1000       0  CODE        2
                text38                         000826  00004E  000874      104C       0  CODE        2
                text51                         000874  000050  0008C4      10E8       0  CODE        2
                text23                         0008C4  000052  000916      1188       0  CODE        2
                text5                          000916  000057  00096D      122C       0  CODE        2
                text34                         00096D  000059  0009C6      12DA       0  CODE        2
                text30                         0009C6  00006E  000A34      138C       0  CODE        2
                text6                          000A34  000070  000AA4      1468       0  CODE        2
                text18                         000AA4  000071  000B15      1548       0  CODE        2
                text21                         000B15  000074  000B89      162A       0  CODE        2
                text95                         000B89  00007A  000C03      1712       0  CODE        2
                text31                         000C03  000082  000C85      1806       0  CODE        2
                maintext                       000C85  000083  000D08      190A       0  CODE        2
                text1                          000D08  000085  000D8D      1A10       0  CODE        2
                text4                          000D8D  000121  000EAE      1B1A       0  CODE        2
                text26                         000EAE  000157  001005      1D5C       0  CODE        2
                text59                         001005  000008  00100D      200A       0  CODE        2
                text55                         00100D  000008  001015      201A       0  CODE        2
                text54                         001015  000008  00101D      202A       0  CODE        2
                text53                         00101D  000008  001025      203A       0  CODE        2
                text94                         001025  000009  00102E      204A       0  CODE        2
                text67                         00102E  000009  001037      205C       0  CODE        2
                text63                         001037  000009  001040      206E       0  CODE        2
                text96                         001040  00000A  00104A      2080       0  CODE        2
                text56                         00104A  00000A  001054      2094       0  CODE        2
                text43                         001054  00000A  00105E      20A8       0  CODE        2
                text37                         00105E  00000A  001068      20BC       0  CODE        2
                text17                         001068  00000A  001072      20D0       0  CODE        2
                text64                         001072  00000B  00107D      20E4       0  CODE        2
                text57                         00107D  00000B  001088      20FA       0  CODE        2
                text48                         001088  00000B  001093      2110       0  CODE        2
                text47                         001093  00000B  00109E      2126       0  CODE        2
                text15                         00109E  00000B  0010A9      213C       0  CODE        2
                text97                         0010A9  00000C  0010B5      2152       0  CODE        2
                text58                         0010B5  00000C  0010C1      216A       0  CODE        2
                clrtext                        0010C1  00000C  0010CD      2182       0  CODE        2
                inittext                       0010CD  00000C  0010D9      219A       0  CODE        2
                text132                        0010D9  00000D  0010E6      21B2       0  CODE        2
                text81                         0010E6  00000D  0010F3      21CC       0  CODE        2
                text39                         0010F3  00000D  001100      21E6       0  CODE        2
                text134                        001100  00000E  00110E      2200       0  CODE        2
                text33                         00110E  00000F  00111D      221C       0  CODE        2
                text12                         00111D  00000F  00112C      223A       0  CODE        2
                text131                        00112C  000011  00113D      2258       0  CODE        2
                text127                        00113D  000011  00114E      227A       0  CODE        2
                text126                        00114E  000011  00115F      229C       0  CODE        2
                text125                        00115F  000011  001170      22BE       0  CODE        2
                text3                          001170  000012  001182      22E0       0  CODE        2
                text35                         001182  000013  001195      2304       0  CODE        2
                text83                         001195  000015  0011AA      232A       0  CODE        2
                text80                         0011AA  000016  0011C0      2354       0  CODE        2
                text76                         0011C0  000016  0011D6      2380       0  CODE        2
                text75                         0011D6  000016  0011EC      23AC       0  CODE        2
                text74                         0011EC  000016  001202      23D8       0  CODE        2
                text16                         001202  000017  001219      2404       0  CODE        2
                text124                        001219  000018  001231      2432       0  CODE        2
                text88                         001231  00001B  00124C      2462       0  CODE        2
                text24                         00124C  00001B  001267      2498       0  CODE        2
                text19                         001267  00001C  001283      24CE       0  CODE        2
                text73                         001283  00001D  0012A0      2506       0  CODE        2
                text10                         0012A0  00001F  0012BF      2540       0  CODE        2
                text7                          0012BF  00001F  0012DE      257E       0  CODE        2
                text2                          0012DE  000020  0012FE      25BC       0  CODE        2
                text133                        0012FE  000024  001322      25FC       0  CODE        2
                text103                        001322  000024  001346      2644       0  CODE        2
                text82                         001346  000025  00136B      268C       0  CODE        2
                text116                        00136B  00002A  001395      26D6       0  CODE        2
                text52                         001395  00002A  0013BF      272A       0  CODE        2
                text20                         0013BF  00002B  0013EA      277E       0  CODE        2
                text49                         0013EA  00002D  001417      27D4       0  CODE        2
                text28                         001417  00002D  001444      282E       0  CODE        2
                text65                         001444  00002E  001472      2888       0  CODE        2
                text9                          001472  00002F  0014A1      28E4       0  CODE        2
                text32                         0014A1  000030  0014D1      2942       0  CODE        2
                text36                         0014D1  000032  001503      29A2       0  CODE        2
                text8                          001503  000034  001537      2A06       0  CODE        2
                text13                         001537  000035  00156C      2A6E       0  CODE        2
                text27                         00156C  000037  0015A3      2AD8       0  CODE        2
                text22                         0015A3  000039  0015DC      2B46       0  CODE        2
                text14                         0015DC  000039  001615      2BB8       0  CODE        2
                text101                        001615  00003F  001654      2C2A       0  CODE        2
                text93                         001654  000042  001696      2CA8       0  CODE        2
                text25                         001696  000045  0016DB      2D2C       0  CODE        2
                text50                         0016DB  000046  001721      2DB6       0  CODE        2
                text29                         001721  000046  001767      2E42       0  CODE        2
                text102                        001767  00004B  0017B2      2ECE       0  CODE        2
                text40                         0017B2  00004E  001800      2F64       0  CODE        2
                stringtext2                    001800  00006B  00186B      3000       0  STRCODE     2
                text122                        001F20  000001  001F21      3E40       0  CODE        2
                text71                         001F21  000001  001F22      3E42       0  CODE        2
                text130                        001F22  000002  001F24      3E44       0  CODE        2
                text129                        001F24  000002  001F26      3E48       0  CODE        2
                text139                        001F26  000003  001F29      3E4C       0  CODE        2
                text138                        001F29  000003  001F2C      3E52       0  CODE        2
                text136                        001F2C  000003  001F2F      3E58       0  CODE        2
                text135                        001F2F  000003  001F32      3E5E       0  CODE        2
                text123                        001F32  000003  001F35      3E64       0  CODE        2
                text120                        001F35  000003  001F38      3E6A       0  CODE        2
                text117                        001F38  000003  001F3B      3E70       0  CODE        2
                text100                        001F3B  000003  001F3E      3E76       0  CODE        2
                text90                         001F3E  000003  001F41      3E7C       0  CODE        2
                text89                         001F41  000003  001F44      3E82       0  CODE        2
                text87                         001F44  000003  001F47      3E88       0  CODE        2
                text85                         001F47  000003  001F4A      3E8E       0  CODE        2
                text84                         001F4A  000003  001F4D      3E94       0  CODE        2
                text72                         001F4D  000003  001F50      3E9A       0  CODE        2
                text69                         001F50  000003  001F53      3EA0       0  CODE        2
                text66                         001F53  000003  001F56      3EA6       0  CODE        2
                text137                        001F56  000004  001F5A      3EAC       0  CODE        2
                text121                        001F5A  000004  001F5E      3EB4       0  CODE        2
                text113                        001F5E  000004  001F62      3EBC       0  CODE        2
                text112                        001F62  000004  001F66      3EC4       0  CODE        2
                text111                        001F66  000004  001F6A      3ECC       0  CODE        2
                text110                        001F6A  000004  001F6E      3ED4       0  CODE        2
                text106                        001F6E  000004  001F72      3EDC       0  CODE        2
                text105                        001F72  000004  001F76      3EE4       0  CODE        2
                text104                        001F76  000004  001F7A      3EEC       0  CODE        2
                text86                         001F7A  000004  001F7E      3EF4       0  CODE        2
                text70                         001F7E  000004  001F82      3EFC       0  CODE        2
                text44                         001F82  000004  001F86      3F04       0  CODE        2
                text119                        001F86  000005  001F8B      3F0C       0  CODE        2
                text107                        001F8B  000006  001F91      3F16       0  CODE        2
                text91                         001F91  000006  001F97      3F22       0  CODE        2
                text79                         001F97  000006  001F9D      3F2E       0  CODE        2
                text78                         001F9D  000006  001FA3      3F3A       0  CODE        2
                text77                         001FA3  000006  001FA9      3F46       0  CODE        2
                text68                         001FA9  000006  001FAF      3F52       0  CODE        2
                text42                         001FAF  000006  001FB5      3F5E       0  CODE        2
                text41                         001FB5  000006  001FBB      3F6A       0  CODE        2
                text115                        001FBB  000007  001FC2      3F76       0  CODE        2
                text108                        001FC2  000007  001FC9      3F84       0  CODE        2
                text46                         001FC9  000007  001FD0      3F92       0  CODE        2
                text118                        001FD0  000008  001FD8      3FA0       0  CODE        2
                text109                        001FD8  000008  001FE0      3FB0       0  CODE        2
                text92                         001FE0  000008  001FE8      3FC0       0  CODE        2
                text62                         001FE8  000008  001FF0      3FD0       0  CODE        2
                text61                         001FF0  000008  001FF8      3FE0       0  CODE        2
                text60                         001FF8  000008  002000      3FF0       0  CODE        2
                config                         008007  000005  00800C     1000E       0  CONFIG      2


UNUSED ADDRESS RANGES

        Name                Unused          Largest block    Delta
        BANK0            0006F-0006F               1           1
        BANK1            000EA-000EF               6           1
        BANK2            00149-0016F              27           1
        BANK3            001A0-001EF              50           1
        BANK4            00220-0026F              50           1
        BANK5            002A0-002C0              21           1
        BIGRAM           02000-023EF             3F0           1
        CODE             0186B-01F1F             6B5           2
        CONST            0186B-01F1F             100           2
        EEDATA           0F000-0F0FF             100           2
        ENTRY            0186B-01F1F             100           2
        IDLOC            08000-08003               4           2
        RAM              0006F-0006F               1           1
                         000EA-000EF               6
                         00149-0016F              27
                         001A0-001EF              50
                         00220-0026F              50
                         002A0-002C0              21
        SFR0             00000-0001F              20           1
        SFR1             00080-0009F              20           1
        SFR10            00500-0051F              20           1
        SFR11            00580-0059F              20           1
        SFR12            00600-0061F              20           1
        SFR13            00680-006EF              70           1
        SFR14            00700-0076F              70           1
        SFR15            00780-007EF              70           1
        SFR16            00800-0086F              70           1
        SFR17            00880-008EF              70           1
        SFR18            00900-0096F              70           1
        SFR19            00980-009EF              70           1
        SFR2             00100-0011F              20           1
        SFR20            00A00-00A6F              70           1
        SFR21            00A80-00AEF              70           1
        SFR22            00B00-00B6F              70           1
        SFR23            00B80-00BEF              70           1
        SFR24            00C00-00C6F              70           1
        SFR25            00C80-00CEF              70           1
        SFR26            00D00-00D6F              70           1
        SFR27            00D80-00DEF              70           1
        SFR28            00E00-00E6F              70           1
        SFR29            00E80-00EEF              70           1
        SFR3             00180-0019F              20           1
        SFR30            00F00-00F6F              70           1
        SFR31            00F80-00FEF              70           1
        SFR4             00200-0021F              20           1
        SFR5             00280-0029F              20           1
        SFR6             00300-0031F              20           1
        SFR7             00380-0039F              20           1
        SFR8             00400-0041F              20           1
        SFR9             00480-0049F              20           1
        STACK            020C9-021B0              E8           1
        STRCODE          0186B-01F1F             6B5           2
        STRING           0186B-01F1F             100           2

                                  Symbol Table

?___aldiv                                cstackBANK0  00020
?___almod                                cstackBANK0  00020
?___awdiv                                cstackBANK0  00020
?___awmod                                cstackBANK0  00020
?___lmul                                 cstackBANK0  00020
?___lwdiv                                cstackBANK0  00026
?___lwmod                                cstackBANK0  0002E
?___wmul                                 cstackBANK0  00020
?_dylen                                  cstackBANK0  00034
?_isleap                                 cstackBANK0  00034
?_mktime                                 cstackBANK0  00050
?_months_to_days                         cstackBANK0  0002E
?_rtc6_GetTime                           cstackBANK0  0005F
?_sprintf                                cstackBANK0  00034
?_strlen                                 cstackBANK0  00020
?_years_to_days                          cstackBANK0  0002E
?_ymd_to_scalar                          cstackBANK0  00040
Modify_Data@c                            cstackBANK0  00026
Modify_Data@j                            cstackBANK0  00039
Modify_Data@limit                        cstackBANK0  0002A
Modify_Data@offset                       cstackBANK0  00028
Modify_Data@p                            cstackBANK0  00037
Modify_Data@right                        cstackBANK0  00035
OLED_Command@temp                        cstackBANK0  00021
OLED_Data@temp                           cstackBANK0  00021
OLED_PutPicture@i                        cstackBANK0  00028
OLED_PutPicture@j                        cstackBANK0  00026
OLED_PutPicture@pic                      cstackBANK0  00024
OLED_SetColumn@address                   cstackBANK0  00023
OLED_SetRow@address                      cstackBANK0  00023
SPI2_Exchange8bit@data                   cstackBANK0  00020
SetupClock@initialTime                   cstackBANK0  00059
SetupClock@setTime                       cstackBANK0  00055
Write_String@len                         cstackBANK0  00055
Write_String@message                     cstackBANK0  00053
_ANSELA                                  (abs)        00F38
_ANSELB                                  (abs)        00F43
_ANSELC                                  (abs)        00F4E
_ANSELD                                  (abs)        00F59
_ANSELE                                  (abs)        00F64
_CharacterArray                          (abs)        0238C
_INTCONbits                              (abs)        0000B
_INTERRUPT_InterruptManager              intentry     00004
_LATA                                    (abs)        00016
_LATAbits                                (abs)        00016
_LATB                                    (abs)        00017
_LATC                                    (abs)        00018
_LATCbits                                (abs)        00018
_LATD                                    (abs)        00019
_LATDbits                                (abs)        00019
_LATE                                    (abs)        0001A
_Modify_Data                             text18       00AA4
_ODCONA                                  (abs)        00F3A
_ODCONB                                  (abs)        00F45
_ODCONC                                  (abs)        00F50
_ODCOND                                  (abs)        00F5B
_ODCONE                                  (abs)        00F66
_OLED_Command                            text96       01040
_OLED_Data                               text17       01068
_OLED_Initialize                         text95       00B89
_OLED_PutPicture                         text14       015DC
_OLED_SetColumn                          text16       01202
_OLED_SetRow                             text15       0109E
_OSCCON1                                 (abs)        0088D
_OSCCON3                                 (abs)        0088F
_OSCEN                                   (abs)        00891
_OSCFRQ                                  (abs)        00893
_OSCILLATOR_Initialize                   text94       01025
_OSCTUNE                                 (abs)        00892
_PIE3bits                                (abs)        00719
_PIN_MANAGER_Initialize                  text93       01654
_PIR3bits                                (abs)        0070F
_PMD0                                    (abs)        00796
_PMD1                                    (abs)        00797
_PMD2                                    (abs)        00798
_PMD3                                    (abs)        00799
_PMD4                                    (abs)        0079A
_PMD5                                    (abs)        0079B
_PMD_Initialize                          text92       01FE0
_RB1PPS                                  (abs)        00F19
_RB3PPS                                  (abs)        00F1B
_RC3PPS                                  (abs)        00F23
_RC4PPS                                  (abs)        00F24
_SPI2_Exchange8bit                       text97       010A9
_SPI2_Initialize                         text91       01F91
_SSP1ADD                                 (abs)        0018D
_SSP1BUF                                 (abs)        0018C
_SSP1CLKPPSbits                          (abs)        00EC5
_SSP1CON1                                (abs)        00190
_SSP1CON1bits                            (abs)        00190
_SSP1CON2                                (abs)        00191
_SSP1CON2bits                            (abs)        00191
_SSP1DATPPSbits                          (abs)        00EC6
_SSP1MSK                                 (abs)        0018E
_SSP1STAT                                (abs)        0018F
_SSP1STATbits                            (abs)        0018F
_SSP2ADD                                 (abs)        00197
_SSP2BUF                                 (abs)        00196
_SSP2CLKPPSbits                          (abs)        00EC8
_SSP2CON1                                (abs)        0019A
_SSP2CON1bits                            (abs)        0019A
_SSP2DATPPSbits                          (abs)        00EC9
_SSP2STAT                                (abs)        00199
_SSP2STATbits                            (abs)        00199
_STATUS                                  (abs)        00003
_SYSTEM_Initialize                       text33       0110E
_SetupClock                              text20       013BF
_TRISA                                   (abs)        00011
_TRISB                                   (abs)        00012
_TRISC                                   (abs)        00013
_TRISD                                   (abs)        00014
_TRISE                                   (abs)        00015
_WPUA                                    (abs)        00F39
_WPUB                                    (abs)        00F44
_WPUC                                    (abs)        00F4F
_WPUD                                    (abs)        00F5A
_WPUE                                    (abs)        00F65
_Write_String                            text9        01472
__CFG_BOREN$ON                           (abs)        00000
__CFG_BORV$LO                            (abs)        00000
__CFG_CLKOUTEN$OFF                       (abs)        00000
__CFG_CP$OFF                             (abs)        00000
__CFG_CPD$OFF                            (abs)        00000
__CFG_CSWEN$ON                           (abs)        00000
__CFG_DEBUG$OFF                          (abs)        00000
__CFG_FCMEN$ON                           (abs)        00000
__CFG_FEXTOSC$OFF                        (abs)        00000
__CFG_LPBOREN$OFF                        (abs)        00000
__CFG_LVP$ON                             (abs)        00000
__CFG_MCLRE$ON                           (abs)        00000
__CFG_PPS1WAY$ON                         (abs)        00000
__CFG_PWRTE$OFF                          (abs)        00000
__CFG_RSTOSC$HFINT1                      (abs)        00000
__CFG_SCANE$available                    (abs)        00000
__CFG_STVREN$ON                          (abs)        00000
__CFG_WDTCCS$SC                          (abs)        00000
__CFG_WDTCPS$WDTCPS_31                   (abs)        00000
__CFG_WDTCWS$WDTCWS_7                    (abs)        00000
__CFG_WDTE$OFF                           (abs)        00000
__CFG_WRT$OFF                            (abs)        00000
__CFG_ZCD$OFF                            (abs)        00000
__Habs1                                  abs1         00000
__Hbank0                                 bank0        00000
__Hbank1                                 bank1        00000
__Hbank10                                bank10       00000
__Hbank11                                bank11       00000
__Hbank12                                bank12       00000
__Hbank13                                bank13       00000
__Hbank14                                bank14       00000
__Hbank15                                bank15       00000
__Hbank16                                bank16       00000
__Hbank17                                bank17       00000
__Hbank18                                bank18       00000
__Hbank19                                bank19       00000
__Hbank2                                 bank2        00000
__Hbank20                                bank20       00000
__Hbank21                                bank21       00000
__Hbank22                                bank22       00000
__Hbank23                                bank23       00000
__Hbank24                                bank24       00000
__Hbank25                                bank25       00000
__Hbank26                                bank26       00000
__Hbank27                                bank27       00000
__Hbank28                                bank28       00000
__Hbank29                                bank29       00000
__Hbank3                                 bank3        00000
__Hbank30                                bank30       00000
__Hbank31                                bank31       00000
__Hbank4                                 bank4        00000
__Hbank5                                 bank5        00000
__Hbank6                                 bank6        00000
__Hbank7                                 bank7        00000
__Hbank8                                 bank8        00000
__Hbank9                                 bank9        00000
__Hbigram                                bigram       00000
__HbssBANK1                              bssBANK1     00000
__HbssBANK2                              bssBANK2     00000
__HbssCOMMON                             bssCOMMON    00000
__Hcinit                                 cinit        0005C
__Hclrtext                               clrtext      00000
__Hcode                                  code         00000
__Hcommon                                common       00000
__Hconfig                                config       0800C
__HcstackBANK0                           cstackBANK0  00000
__HcstackBANK1                           cstackBANK1  00000
__HcstackCOMMON                          cstackCOMMON 00000
__Heeprom_data                           eeprom_data  00000
__Hend_init                              end_init     00024
__Hfunctab                               functab      00000
__HidataBIGRAM                           idataBIGRAM  00000
__Hidloc                                 idloc        00000
__Hinit                                  init         00022
__Hinittext                              inittext     00000
__Hintentry                              intentry     00022
__Hmaintext                              maintext     00000
__Hpowerup                               powerup      00000
__Hram                                   ram          00000
__Hreset_vec                             reset_vec    00002
__Hsfr0                                  sfr0         00000
__Hsfr1                                  sfr1         00000
__Hsfr10                                 sfr10        00000
__Hsfr11                                 sfr11        00000
__Hsfr12                                 sfr12        00000
__Hsfr13                                 sfr13        00000
__Hsfr14                                 sfr14        00000
__Hsfr15                                 sfr15        00000
__Hsfr16                                 sfr16        00000
__Hsfr17                                 sfr17        00000
__Hsfr18                                 sfr18        00000
__Hsfr19                                 sfr19        00000
__Hsfr2                                  sfr2         00000
__Hsfr20                                 sfr20        00000
__Hsfr21                                 sfr21        00000
__Hsfr22                                 sfr22        00000
__Hsfr23                                 sfr23        00000
__Hsfr24                                 sfr24        00000
__Hsfr25                                 sfr25        00000
__Hsfr26                                 sfr26        00000
__Hsfr27                                 sfr27        00000
__Hsfr28                                 sfr28        00000
__Hsfr29                                 sfr29        00000
__Hsfr3                                  sfr3         00000
__Hsfr30                                 sfr30        00000
__Hsfr31                                 sfr31        00000
__Hsfr4                                  sfr4         00000
__Hsfr5                                  sfr5         00000
__Hsfr6                                  sfr6         00000
__Hsfr7                                  sfr7         00000
__Hsfr8                                  sfr8         00000
__Hsfr9                                  sfr9         00000
__Hspace_0                               (abs)        0800C
__Hspace_1                               (abs)        00149
__Hspace_2                               (abs)        00000
__Hspace_3                               (abs)        00000
__Hstack                                 stack        00000
__Hstrings                               strings      00000
__Hstringtext1                           stringtext1  00000
__Hstringtext2                           stringtext2  00000
__Hstringtext3                           stringtext3  00000
__Hstringtext4                           stringtext4  00000
__Hstringtext5                           stringtext5  00000
__Hstringtext6                           stringtext6  00000
__Hstringtext7                           stringtext7  00000
__Hstringtext8                           stringtext8  00000
__Htext                                  text         00000
__Labs1                                  abs1         00000
__Lbank0                                 bank0        00000
__Lbank1                                 bank1        00000
__Lbank10                                bank10       00000
__Lbank11                                bank11       00000
__Lbank12                                bank12       00000
__Lbank13                                bank13       00000
__Lbank14                                bank14       00000
__Lbank15                                bank15       00000
__Lbank16                                bank16       00000
__Lbank17                                bank17       00000
__Lbank18                                bank18       00000
__Lbank19                                bank19       00000
__Lbank2                                 bank2        00000
__Lbank20                                bank20       00000
__Lbank21                                bank21       00000
__Lbank22                                bank22       00000
__Lbank23                                bank23       00000
__Lbank24                                bank24       00000
__Lbank25                                bank25       00000
__Lbank26                                bank26       00000
__Lbank27                                bank27       00000
__Lbank28                                bank28       00000
__Lbank29                                bank29       00000
__Lbank3                                 bank3        00000
__Lbank30                                bank30       00000
__Lbank31                                bank31       00000
__Lbank4                                 bank4        00000
__Lbank5                                 bank5        00000
__Lbank6                                 bank6        00000
__Lbank7                                 bank7        00000
__Lbank8                                 bank8        00000
__Lbank9                                 bank9        00000
__Lbigram                                bigram       00000
__LbssBANK1                              bssBANK1     00000
__LbssBANK2                              bssBANK2     00000
__LbssCOMMON                             bssCOMMON    00000
__Lcinit                                 cinit        00024
__Lclrtext                               clrtext      00000
__Lcode                                  code         00000
__Lcommon                                common       00000
__Lconfig                                config       08007
__LcstackBANK0                           cstackBANK0  00000
__LcstackBANK1                           cstackBANK1  00000
__LcstackCOMMON                          cstackCOMMON 00000
__Leeprom_data                           eeprom_data  00000
__Lend_init                              end_init     00022
__Lfunctab                               functab      00000
__LidataBIGRAM                           idataBIGRAM  00000
__Lidloc                                 idloc        00000
__Linit                                  init         00022
__Linittext                              inittext     00000
__Lintentry                              intentry     00004
__Lmaintext                              maintext     00000
__Lpowerup                               powerup      00000
__Lram                                   ram          00000
__Lreset_vec                             reset_vec    00000
__Lsfr0                                  sfr0         00000
__Lsfr1                                  sfr1         00000
__Lsfr10                                 sfr10        00000
__Lsfr11                                 sfr11        00000
__Lsfr12                                 sfr12        00000
__Lsfr13                                 sfr13        00000
__Lsfr14                                 sfr14        00000
__Lsfr15                                 sfr15        00000
__Lsfr16                                 sfr16        00000
__Lsfr17                                 sfr17        00000
__Lsfr18                                 sfr18        00000
__Lsfr19                                 sfr19        00000
__Lsfr2                                  sfr2         00000
__Lsfr20                                 sfr20        00000
__Lsfr21                                 sfr21        00000
__Lsfr22                                 sfr22        00000
__Lsfr23                                 sfr23        00000
__Lsfr24                                 sfr24        00000
__Lsfr25                                 sfr25        00000
__Lsfr26                                 sfr26        00000
__Lsfr27                                 sfr27        00000
__Lsfr28                                 sfr28        00000
__Lsfr29                                 sfr29        00000
__Lsfr3                                  sfr3         00000
__Lsfr30                                 sfr30        00000
__Lsfr31                                 sfr31        00000
__Lsfr4                                  sfr4         00000
__Lsfr5                                  sfr5         00000
__Lsfr6                                  sfr6         00000
__Lsfr7                                  sfr7         00000
__Lsfr8                                  sfr8         00000
__Lsfr9                                  sfr9         00000
__Lspace_0                               (abs)        00000
__Lspace_1                               (abs)        00000
__Lspace_2                               (abs)        00000
__Lspace_3                               (abs)        00000
__Lstack                                 stack        00000
__Lstrings                               strings      00000
__Lstringtext1                           stringtext1  00000
__Lstringtext2                           stringtext2  00000
__Lstringtext3                           stringtext3  00000
__Lstringtext4                           stringtext4  00000
__Lstringtext5                           stringtext5  00000
__Lstringtext6                           stringtext6  00000
__Lstringtext7                           stringtext7  00000
__Lstringtext8                           stringtext8  00000
__Ltext                                  text         00000
__S0                                     (abs)        0800C
__S1                                     (abs)        00149
__S2                                     (abs)        00000
__S3                                     (abs)        00000
___aldiv                                 text31       00C03
___aldiv@counter                         cstackBANK0  00029
___aldiv@dividend                        cstackBANK0  00024
___aldiv@divisor                         cstackBANK0  00020
___aldiv@quotient                        cstackBANK0  0002B
___aldiv@sign                            cstackBANK0  0002A
___almod                                 text30       009C6
___almod@counter                         cstackBANK0  00029
___almod@dividend                        cstackBANK0  00024
___almod@divisor                         cstackBANK0  00020
___almod@sign                            cstackBANK0  0002A
___awdiv                                 text23       008C4
___awdiv@counter                         cstackBANK0  00025
___awdiv@dividend                        cstackBANK0  00022
___awdiv@divisor                         cstackBANK0  00020
___awdiv@quotient                        cstackBANK0  00027
___awdiv@sign                            cstackBANK0  00026
___awmod                                 text29       01721
___awmod@counter                         cstackBANK0  00025
___awmod@dividend                        cstackBANK0  00022
___awmod@divisor                         cstackBANK0  00020
___awmod@sign                            cstackBANK0  00026
___bmul                                  text3        01170
___bmul@multiplicand                     cstackBANK0  00020
___bmul@multiplier                       cstackBANK0  00023
___bmul@product                          cstackBANK0  00022
___int_sp                                stack        00000
___latbits                               (abs)        00002
___lmul                                  text32       014A1
___lmul@multiplicand                     cstackBANK0  00024
___lmul@multiplier                       cstackBANK0  00020
___lmul@product                          cstackBANK0  00028
___lwdiv                                 text13       01537
___lwdiv@counter                         cstackBANK0  0002B
___lwdiv@dividend                        cstackBANK0  00028
___lwdiv@divisor                         cstackBANK0  00026
___lwdiv@quotient                        cstackBANK0  0002C
___lwmod                                 text28       01417
___lwmod@counter                         cstackBANK0  00033
___lwmod@dividend                        cstackBANK0  00030
___lwmod@divisor                         cstackBANK0  0002E
___sp                                    stack        00000
___wmul                                  text19       01267
___wmul@multiplicand                     cstackBANK0  00022
___wmul@multiplier                       cstackBANK0  00020
___wmul@product                          cstackBANK0  00024
__end_of_INTERRUPT_InterruptManager      intentry     00022
__end_of_Modify_Data                     text18       00B15
__end_of_OLED_Command                    text96       0104A
__end_of_OLED_Data                       text17       01072
__end_of_OLED_Initialize                 text95       00C03
__end_of_OLED_PutPicture                 text14       01615
__end_of_OLED_SetColumn                  text16       01219
__end_of_OLED_SetRow                     text15       010A9
__end_of_OSCILLATOR_Initialize           text94       0102E
__end_of_PIN_MANAGER_Initialize          text93       01696
__end_of_PMD_Initialize                  text92       01FE8
__end_of_SPI2_Exchange8bit               text97       010B5
__end_of_SPI2_Initialize                 text91       01F97
__end_of_SYSTEM_Initialize               text33       0111D
__end_of_SetupClock                      text20       013EA
__end_of_Write_String                    text9        014A1
__end_of___aldiv                         text31       00C85
__end_of___almod                         text30       00A34
__end_of___awdiv                         text23       00916
__end_of___awmod                         text29       01767
__end_of___bmul                          text3        01182
__end_of___lmul                          text32       014D1
__end_of___lwdiv                         text13       0156C
__end_of___lwmod                         text28       01444
__end_of___wmul                          text19       01283
__end_of__initialization                 cinit        00058
__end_of_do_I2C_DO_ACK                   text55       01015
__end_of_do_I2C_DO_ADDRESS_NACK          text52       013BF
__end_of_do_I2C_DO_NACK_RESTART          text53       01025
__end_of_do_I2C_DO_NACK_STOP             text54       0101D
__end_of_do_I2C_IDLE                     text63       01040
__end_of_do_I2C_RCEN                     text56       01054
__end_of_do_I2C_RESET                    text64       0107D
__end_of_do_I2C_RX                       text50       01721
__end_of_do_I2C_SEND_ADR_READ            text58       010C1
__end_of_do_I2C_SEND_ADR_WRITE           text57       01088
__end_of_do_I2C_SEND_RESTART             text60       02000
__end_of_do_I2C_SEND_RESTART_READ        text62       01FF0
__end_of_do_I2C_SEND_RESTART_WRITE       text61       01FF8
__end_of_do_I2C_SEND_STOP                text59       0100D
__end_of_do_I2C_TX                       text51       008C4
__end_of_do_I2C_TX_EMPTY                 text65       01472
__end_of_dpowers                         stringtext4  0186B
__end_of_dylen                           text27       015A3
__end_of_emptyArray                      stringtext5  00237
__end_of_fsmStateTable                   stringtext2  01820
__end_of_gmtime                          text26       01000
__end_of_i2c1_driver_TXData              text68       01FAF
__end_of_i2c1_driver_clearBusCollision   text139      01F29
__end_of_i2c1_driver_getRXData           text69       01F53
[...]
      Params:         3       0       0       0       0       0       0       0       0       0       0       0       0       0
      Locals:         1       0       0       0       0       0       0       0       0       0       0       0       0       0
      Temps:          1       0       0       0       0       0       0       0       0       0       0       0       0       0
      Totals:         5       0       0       0       0       0       0       0       0       0       0       0       0       0
Total ram usage:        5 bytes
 Hardware stack levels used:    1
 This function calls:
		Nothing
 This function is called by:
		i1_i2c_setDataCompleteCallback
 This function uses a non-reentrant model


 *************** function i1_i2c_setBuffer *****************
 Defined at:
		line 184 in file "mcc_generated_files/drivers/i2c_master.c"
 Parameters:    Size  Location     Type
  buffer          1    wreg     PTR void 
		 -> i2c_readDataBlock@reg(1), i2c_readDataBlock@d(3), i2c_write2ByteRegister@reg(1), i2c_write2ByteRegister@data(2), 
		 -> i2c_read2ByteRegister@reg(1), i2c_read2ByteRegister@result(2), i2c_read1ByteRegister@reg(1), i2c_read1ByteRegister@d2(1), 
		 -> i2c_write1ByteRegister@reg(1), i2c_write1ByteRegister@data(1), NULL(0), 
  bufferSize      2    0[COMMON] unsigned int 
 Auto vars:     Size  Location     Type
  buffer          1    3[COMMON] PTR void 
		 -> i2c_readDataBlock@reg(1), i2c_readDataBlock@d(3), i2c_write2ByteRegister@reg(1), i2c_write2ByteRegister@data(2), 
		 -> i2c_read2ByteRegister@reg(1), i2c_read2ByteRegister@result(2), i2c_read1ByteRegister@reg(1), i2c_read1ByteRegister@d2(1), 
		 -> i2c_write1ByteRegister@reg(1), i2c_write1ByteRegister@data(1), NULL(0), 
 Return value:  Size  Location     Type
                  1    wreg      void 
 Registers used:
		wreg
 Tracked objects:
		On entry : 
		On exit  : 
		Unchanged: 
 Data sizes:     COMMON   BANK0   BANK1   BANK2   BANK3   BANK4   BANK5   BANK6   BANK7   BANK8   BANK9  BANK10  BANK11  BANK12
      Params:         2       0       0       0       0       0       0       0       0       0       0       0       0       0
      Locals:         1       0       0       0       0       0       0       0       0       0       0       0       0       0
      Temps:          1       0       0       0       0       0       0       0       0       0       0       0       0       0
      Totals:         4       0       0       0       0       0       0       0       0       0       0       0       0       0
Total ram usage:        4 bytes
 Hardware stack levels used:    1
 This function calls:
		Nothing
 This function is called by:
		i1_wr1RegCompleteHandler
		i1_rd1RegCompleteHandler
		i1_rd2RegCompleteHandler
		i1_wr2RegCompleteHandler
		i1_rdBlkRegCompleteHandler
 This function uses a non-reentrant model


 *************** function i1_i2c1_driver_stop *****************
 Defined at:
		line 156 in file "mcc_generated_files/i2c1_driver.c"
 Parameters:    Size  Location     Type
		None
 Auto vars:     Size  Location     Type
		None
 Return value:  Size  Location     Type
                  1    wreg      void 
 Registers used:
		None
 Tracked objects:
		On entry : 
		On exit  : 
		Unchanged: 
 Data sizes:     COMMON   BANK0   BANK1   BANK2   BANK3   BANK4   BANK5   BANK6   BANK7   BANK8   BANK9  BANK10  BANK11  BANK12
      Params:         0       0       0       0       0       0       0       0       0       0       0       0       0       0
      Locals:         0       0       0       0       0       0       0       0       0       0       0       0       0       0
      Temps:          0       0       0       0       0       0       0       0       0       0       0       0       0       0
      Totals:         0       0       0       0       0       0       0       0       0       0       0       0       0       0
Total ram usage:        0 bytes
 Hardware stack levels used:    1
 This function calls:
		Nothing
 This function is called by:
		i1_do_I2C_SEND_STOP
 This function uses a non-reentrant model


 *************** function i1_i2c1_driver_restart *****************
 Defined at:
		line 151 in file "mcc_generated_files/i2c1_driver.c"
 Parameters:    Size  Location     Type
		None
 Auto vars:     Size  Location     Type
		None
 Return value:  Size  Location     Type
                  1    wreg      void 
 Registers used:
		None
 Tracked objects:
		On entry : 
		On exit  : 
		Unchanged: 
 Data sizes:     COMMON   BANK0   BANK1   BANK2   BANK3   BANK4   BANK5   BANK6   BANK7   BANK8   BANK9  BANK10  BANK11  BANK12
      Params:         0       0       0       0       0       0       0       0       0       0       0       0       0       0
      Locals:         0       0       0       0       0       0       0       0       0       0       0       0       0       0
      Temps:          0       0       0       0       0       0       0       0       0       0       0       0       0       0
      Totals:         0       0       0       0       0       0       0       0       0       0       0       0       0       0
Total ram usage:        0 bytes
 Hardware stack levels used:    1
 This function calls:
		Nothing
 This function is called by:
		i1_do_I2C_SEND_RESTART_READ
		i1_do_I2C_SEND_RESTART_WRITE
		i1_do_I2C_SEND_RESTART
 This function uses a non-reentrant model


 *************** function i1_i2c1_driver_sendACK *****************
 Defined at:
		line 196 in file "mcc_generated_files/i2c1_driver.c"
 Parameters:    Size  Location     Type
		None
 Auto vars:     Size  Location     Type
		None
 Return value:  Size  Location     Type
                  1    wreg      void 
 Registers used:
		None
 Tracked objects:
		On entry : 
		On exit  : 
		Unchanged: 
 Data sizes:     COMMON   BANK0   BANK1   BANK2   BANK3   BANK4   BANK5   BANK6   BANK7   BANK8   BANK9  BANK10  BANK11  BANK12
      Params:         0       0       0       0       0       0       0       0       0       0       0       0       0       0
      Locals:         0       0       0       0       0       0       0       0       0       0       0       0       0       0
      Temps:          0       0       0       0       0       0       0       0       0       0       0       0       0       0
      Totals:         0       0       0       0       0       0       0       0       0       0       0       0       0       0
Total ram usage:        0 bytes
 Hardware stack levels used:    1
 This function calls:
		Nothing
 This function is called by:
		i1_do_I2C_DO_ACK
		i1_do_I2C_RX
 This function uses a non-reentrant model


 *************** function _i2c_busCollisionISR *****************
 Defined at:
		line 435 in file "mcc_generated_files/drivers/i2c_master.c"
 Parameters:    Size  Location     Type
		None
 Auto vars:     Size  Location     Type
		None
 Return value:  Size  Location     Type
                  1    wreg      void 
 Registers used:
		status,2, status,0, pclath, cstack
 Tracked objects:
		On entry : 
		On exit  : 
		Unchanged: 
 Data sizes:     COMMON   BANK0   BANK1   BANK2   BANK3   BANK4   BANK5   BANK6   BANK7   BANK8   BANK9  BANK10  BANK11  BANK12
      Params:         0       0       0       0       0       0       0       0       0       0       0       0       0       0
      Locals:         0       0       0       0       0       0       0       0       0       0       0       0       0       0
      Temps:          0       0       0       0       0       0       0       0       0       0       0       0       0       0
      Totals:         0       0       0       0       0       0       0       0       0       0       0       0       0       0
Total ram usage:        0 bytes
 Hardware stack levels used:    1
 Hardware stack levels required when called:    1
 This function calls:
		_i2c1_driver_clearBusCollision
 This function is called by:
		_i2c_open
		_INTERRUPT_InterruptManager
 This function uses a non-reentrant model


 *************** function _i2c1_driver_clearBusCollision *****************
 Defined at:
		line 253 in file "mcc_generated_files/i2c1_driver.c"
 Parameters:    Size  Location     Type
		None
 Auto vars:     Size  Location     Type
		None
 Return value:  Size  Location     Type
                  1    wreg      void 
 Registers used:
		None
 Tracked objects:
		On entry : 
		On exit  : 
		Unchanged: 
 Data sizes:     COMMON   BANK0   BANK1   BANK2   BANK3   BANK4   BANK5   BANK6   BANK7   BANK8   BANK9  BANK10  BANK11  BANK12
      Params:         0       0       0       0       0       0       0       0       0       0       0       0       0       0
      Locals:         0       0       0       0       0       0       0       0       0       0       0       0       0       0
      Temps:          0       0       0       0       0       0       0       0       0       0       0       0       0       0
      Totals:         0       0       0       0       0       0       0       0       0       0       0       0       0       0
Total ram usage:        0 bytes
 Hardware stack levels used:    1
 This function calls:
		Nothing
 This function is called by:
		_i2c_busCollisionISR
 This function uses a non-reentrant model



MODULE INFORMATION

Module		Function		Class		Link	Load	Size
C:\Program Files (x86)\Microchip\xc8\v1.45\sources\common\doprnt.c
		_sprintf       		CODE           	0612	0000	459

C:\Program Files (x86)\Microchip\xc8\v1.45\sources\common\doprnt.c estimated size: 459

mcc_generated_files/interrupt_manager.c
		_INTERRUPT_InterruptManager		CODE           	0004	0000	31

mcc_generated_files/interrupt_manager.c estimated size: 31

C:\Program Files (x86)\Microchip\xc8\v1.45\sources\common\Umul16.c
		___wmul        		CODE           	1267	0000	29

C:\Program Files (x86)\Microchip\xc8\v1.45\sources\common\Umul16.c estimated size: 29

mcc_generated_files/pin_manager.c
		_PIN_MANAGER_Initialize		CODE           	1654	0000	67

mcc_generated_files/pin_manager.c estimated size: 67

C:\Program Files (x86)\Microchip\xc8\v1.45\sources\common\isdigit.c
		_isdigit       		CODE           	111D	0000	16

C:\Program Files (x86)\Microchip\xc8\v1.45\sources\common\isdigit.c estimated size: 16

C:\Program Files (x86)\Microchip\xc8\v1.45\sources\common\lwmod.c
		___lwmod       		CODE           	1417	0000	46

C:\Program Files (x86)\Microchip\xc8\v1.45\sources\common\lwmod.c estimated size: 46

C:\Program Files (x86)\Microchip\xc8\v1.45\sources\common\awmod.c
		___awmod       		CODE           	1721	0000	71

C:\Program Files (x86)\Microchip\xc8\v1.45\sources\common\awmod.c estimated size: 71

C:\Program Files (x86)\Microchip\xc8\v1.45\sources\common\almod.c
		___almod       		CODE           	09C6	0000	111

C:\Program Files (x86)\Microchip\xc8\v1.45\sources\common\almod.c estimated size: 111

mcc_generated_files/drivers/i2c_simple_master.c
		_wr1RegCompleteHandler		CODE           	11C0	0000	23
		_wr2RegCompleteHandler		CODE           	11AA	0000	23
		_i2c_write1ByteRegister		CODE           	14D1	0000	51
		_rdBlkRegCompleteHandler		CODE           	1283	0000	30
		_i2c_read1ByteRegister		CODE           	0826	0000	79
		_rd1RegCompleteHandler		CODE           	11D6	0000	23
		_rd2RegCompleteHandler		CODE           	11EC	0000	23

mcc_generated_files/drivers/i2c_simple_master.c estimated size: 252

C:\Program Files (x86)\Microchip\xc8\v1.45\sources\common\Umul32.c
		___lmul        		CODE           	14A1	0000	49

C:\Program Files (x86)\Microchip\xc8\v1.45\sources\common\Umul32.c estimated size: 49

mcc_generated_files/RTC6.c
		_rtc6_GetTime  		CODE           	0D08	0000	134
		_rtc6_SetTime  		CODE           	0B15	0000	117
		_rtcc_write    		CODE           	1182	0000	20
		_rtc6_GetComponent		CODE           	12DE	0000	33
		_rtc6_Initialize		CODE           	096D	0000	90
		_rtc6_SetComponent		CODE           	15A3	0000	58
		_rtcc_read     		CODE           	105E	0000	11

mcc_generated_files/RTC6.c estimated size: 463

shared
		i1_returnReset 		CODE           	1F24	0000	3
		i1_do_I2C_SEND_ADR_READ		CODE           	1FD8	0000	9
		i1_do_I2C_DO_NACK_STOP		CODE           	1F72	0000	5
		i1_mssp1_clearIRQ		CODE           	1F3B	0000	4
		i1_setCallBack 		CODE           	12FE	0000	37
		i1_do_I2C_SEND_RESTART		CODE           	1F66	0000	5
		i1_i2c_restartWrite		CODE           	0002	0000	3
		i1_do_I2C_TX_EMPTY		CODE           	136B	0000	43
		_moninit       		STRCODE        	1855	0000	13
		_lookup        		STRCODE        	0437	0000	476
		_dpowers       		STRCODE        	1861	0000	11
		i1_do_I2C_DO_NACK_RESTART		CODE           	1F76	0000	5
		i1_do_I2C_SEND_RESTART_READ		CODE           	1F5E	0000	5
		i1_do_I2C_DO_ADDRESS_NACK		CODE           	1322	0000	37
		i1_rd1RegCompleteHandler		CODE           	114E	0000	18
		i1_do_I2C_RX   		CODE           	1615	0000	64
		i1_do_I2C_TX   		CODE           	1767	0000	76
		i1_i2c_ISR     		CODE           	0800	0000	39
		i1_i2c1_driver_sendNACK		CODE           	1F5A	0000	5
		i1_do_I2C_IDLE 		CODE           	1000	0000	6
		i1_do_I2C_RCEN 		CODE           	1F8B	0000	7
		i1_i2c1_driver_isNACK		CODE           	1FD0	0000	9
		__initialization		CODE           	0024	0000	53
		i1_mssp1_setIRQ		CODE           	1F38	0000	4
		i1_i2c1_driver_restart		CODE           	1F2C	0000	4
		i1_i2c1_driver_stop		CODE           	1F2F	0000	4
		i1_rd2RegCompleteHandler		CODE           	115F	0000	18
		i1_i2c_setDataCompleteCallback		CODE           	10D9	0000	14
		i1_do_I2C_RESET		CODE           	1FBB	0000	8
		i1_i2c1_driver_startRX		CODE           	1F32	0000	4
		i1_i2c1_driver_resetBus		CODE           	1F20	0000	2
		i1_i2c1_driver_sendACK		CODE           	1F56	0000	5
		_fsmStateTable 		STRCODE        	1800	0000	33
		i1_do_I2C_SEND_RESTART_WRITE		CODE           	1F62	0000	5
		i1_do_I2C_DO_ACK		CODE           	1F6E	0000	5
		i1_do_I2C_SEND_ADR_WRITE		CODE           	1FC2	0000	8
		i1_i2c1_driver_getRXData		CODE           	1F35	0000	4
		i1_wr1RegCompleteHandler		CODE           	113D	0000	18
		i1_do_I2C_SEND_STOP		CODE           	1F6A	0000	5
		i1_i2c1_driver_TXData		CODE           	1F86	0000	6
		_emptyArray    		STRCODE        	005C	0000	476
		i1_i2c_setBuffer		CODE           	1100	0000	15
		i1_rdBlkRegCompleteHandler		CODE           	1219	0000	25
		i1_wr2RegCompleteHandler		CODE           	112C	0000	18
		i1_returnStop  		CODE           	1F22	0000	3

shared estimated size: 1617

C:\Program Files (x86)\Microchip\xc8\v1.45\sources\common\ctime.c
		_gmtime        		CODE           	0EAE	0000	339
		_localtime     		CODE           	1696	0000	70
		_dylen         		CODE           	156C	0000	56

C:\Program Files (x86)\Microchip\xc8\v1.45\sources\common\ctime.c estimated size: 465

mcc_generated_files/mcc.c
		_PMD_Initialize		CODE           	1FE0	0000	9
		_OSCILLATOR_Initialize		CODE           	1025	0000	10
		_SYSTEM_Initialize		CODE           	110E	0000	16

mcc_generated_files/mcc.c estimated size: 35

C:\Program Files (x86)\Microchip\xc8\v1.45\sources\common\mktime.c
		_mktime        		CODE           	0D8D	0000	290
		_isleap        		CODE           	1503	0000	53
		_months_to_days		CODE           	12BF	0000	32
		_ymd_to_scalar 		CODE           	0916	0000	88
		_years_to_days 		CODE           	0A34	0000	113

C:\Program Files (x86)\Microchip\xc8\v1.45\sources\common\mktime.c estimated size: 576

mcc_generated_files/drivers/i2c_master.c
		_i2c_setDataCompleteCallback		CODE           	10E6	0000	14
		_returnStop    		CODE           	1F97	0000	7
		_i2c_setBuffer 		CODE           	1195	0000	22
		_i2c_busCollisionISR		CODE           	1F29	0000	4
		_i2c_ISR       		CODE           	13EA	0000	46
		_i2c_close     		CODE           	1231	0000	28
		_i2c_masterOperation		CODE           	07DC	0000	37
		_do_I2C_TX_EMPTY		CODE           	1444	0000	47
		_setCallBack   		CODE           	1346	0000	38
		_returnReset   		CODE           	1F9D	0000	7
		_do_I2C_SEND_RESTART_WRITE		CODE           	1FF0	0000	9
		_i2c_poller    		CODE           	1093	0000	12
		_i2c_masterWrite		CODE           	1F82	0000	5
		_do_I2C_DO_NACK_RESTART		CODE           	101D	0000	9
		_do_I2C_SEND_RESTART_READ		CODE           	1FE8	0000	9
		_i2c_setAddressNACKCallback		CODE           	10F3	0000	14
		_do_I2C_SEND_ADR_WRITE		CODE           	107D	0000	12
		_do_I2C_SEND_STOP		CODE           	1005	0000	9
		_i2c_open      		CODE           	17B2	0000	79
		_do_I2C_SEND_ADR_READ		CODE           	10B5	0000	13
		_do_I2C_DO_NACK_STOP		CODE           	1015	0000	9
		_do_I2C_SEND_RESTART		CODE           	1FF8	0000	9
		_do_I2C_RX     		CODE           	16DB	0000	71
		_do_I2C_TX     		CODE           	0874	0000	81
		_do_I2C_IDLE   		CODE           	1037	0000	10
		_do_I2C_RCEN   		CODE           	104A	0000	11
		_do_I2C_DO_ADDRESS_NACK		CODE           	1395	0000	43
		_do_I2C_RESET  		CODE           	1072	0000	12
		_do_I2C_DO_ACK 		CODE           	100D	0000	9

mcc_generated_files/drivers/i2c_master.c estimated size: 676

C:\Program Files (x86)\Microchip\xc8\v1.45\sources\common\lwdiv.c
		___lwdiv       		CODE           	1537	0000	54

C:\Program Files (x86)\Microchip\xc8\v1.45\sources\common\lwdiv.c estimated size: 54

C:\Program Files (x86)\Microchip\xc8\v1.45\sources\common\awdiv.c
		___awdiv       		CODE           	08C4	0000	83

C:\Program Files (x86)\Microchip\xc8\v1.45\sources\common\awdiv.c estimated size: 83

mcc_generated_files/drivers/i2c_types.c
		_i2c_restartWrite		CODE           	1FA3	0000	7

mcc_generated_files/drivers/i2c_types.c estimated size: 7

oled.c
		_OLED_SetColumn		CODE           	1202	0000	24
		_OLED_Initialize		CODE           	0B89	0000	123
		_Write_String  		CODE           	1472	0000	48
		_Modify_Data   		CODE           	0AA4	0000	114
		_OLED_Command  		CODE           	1040	0000	11
		_OLED_PutPicture		CODE           	15DC	0000	58
		_OLED_SetRow   		CODE           	109E	0000	12
		_OLED_Data     		CODE           	1068	0000	11

oled.c estimated size: 401

mcc_generated_files/i2c1_driver.c
		_mssp1_waitForEvent		CODE           	1088	0000	12
		_i2c1_driver_open		CODE           	1054	0000	11
		_mssp1_disableIRQ		CODE           	1F41	0000	4
		_i2c1_driver_isNACK		CODE           	102E	0000	10
		_i2c1_driver_stop		CODE           	1F4A	0000	4
		_i2c1_driver_getRXData		CODE           	1F50	0000	4
		_i2c1_driver_TXData		CODE           	1FA9	0000	7
		_i2c1_driver_setBusCollisionISR		CODE           	1FAF	0000	7
		_i2c1_driver_start		CODE           	1F44	0000	4
		_i2c1_driver_sendACK		CODE           	1F7A	0000	5
		_mssp1_setIRQ  		CODE           	1F53	0000	4
		_i2c1_driver_sendNACK		CODE           	1F7E	0000	5
		_i2c1_driver_restart		CODE           	1F47	0000	4
		_i2c1_driver_resetBus		CODE           	1F21	0000	2
		_i2c1_driver_clearBusCollision		CODE           	1F26	0000	4
		_mssp1_clearIRQ		CODE           	1F3E	0000	4
		_i2c1_driver_startRX		CODE           	1F4D	0000	4
		_i2c1_driver_setI2cISR		CODE           	1FB5	0000	7
		_mssp1_IRQisEnabled		CODE           	1FC9	0000	8

mcc_generated_files/i2c1_driver.c estimated size: 110

C:\Program Files (x86)\Microchip\xc8\v1.45\sources\common\aldiv.c
		___aldiv       		CODE           	0C03	0000	131

C:\Program Files (x86)\Microchip\xc8\v1.45\sources\common\aldiv.c estimated size: 131

mcc_generated_files/spi2.c
		_SPI2_Exchange8bit		CODE           	10A9	0000	13
		_SPI2_Initialize		CODE           	1F91	0000	7

mcc_generated_files/spi2.c estimated size: 20

C:\Program Files (x86)\Microchip\xc8\v1.45\sources\common\Umul8.c
		___bmul        		CODE           	1170	0000	19

C:\Program Files (x86)\Microchip\xc8\v1.45\sources\common\Umul8.c estimated size: 19

main.c
		_main          		CODE           	0C85	0000	132
		_SetupClock    		CODE           	13BF	0000	44

main.c estimated size: 176

C:\Program Files (x86)\Microchip\xc8\v1.45\sources\common\strlen.c
		_strlen        		CODE           	12A0	0000	32

C:\Program Files (x86)\Microchip\xc8\v1.45\sources\common\strlen.c estimated size: 32

C:\Program Files (x86)\Microchip\xc8\v1.45\sources\common\memset.c
		_memset        		CODE           	124C	0000	28

C:\Program Files (x86)\Microchip\xc8\v1.45\sources\common\memset.c estimated size: 28

